=== start 2026-08-31 18:58:10 ===
SRC=/media/adminpc1/新加卷K/baai_ego_task
DST=/mnt/nas/synnas/ego数据/baai_ego_task


[18:58:10] rsync cp_0001/session_20260826_100651/divide/good  (4 cuts) -> /mnt/nas/synnas/ego数据/baai_ego_task/cp_0001/session_20260826_100651/divide
rsync: [generator] chgrp "/mnt/nas/synnas/ego\#346\#225\#260\#346\#215\#256/baai_ego_task/cp_0001/session_20260826_100651/divide/." failed: Operation not permitted (1)
rsync: [generator] chgrp "/mnt/nas/synnas/ego\#346\#225\#260\#346\#215\#256/baai_ego_task/cp_0001/session_20260826_100651/divide/session_20260826_100651_\#346\#225\#264\#347\#220\#206\#350\#264\#247\#346\#236\#266_20260827190358" failed: Operation not permitted (1)
rsync: [generator] chgrp "/mnt/nas/synnas/ego\#346\#225\#260\#346\#215\#256/baai_ego_task/cp_0001/session_20260826_100651/divide/session_20260826_100651_\#346\#225\#264\#347\#220\#206\#350\#264\#247\#346\#236\#266_20260827190358/cut_info.json" failed: Operation not permitted (1)
rsync: [generator] chgrp "/mnt/nas/synnas/ego\#346\#225\#260\#346\#215\#256/baai_ego_task/cp_0001/session_20260826_100651/divide/session_20260826_100651_\#346\#225\#264\#347\#220\#206\#350\#264\#247\#346\#236\#266_20260827190358/meta.json" failed: Operation not permitted (1)
rsync: [generator] chgrp "/mnt/nas/synnas/ego\#346\#225\#260\#346\#215\#256/baai_ego_task/cp_0001/session_20260826_100651/divide/session_20260826_100651_\#346\#225\#264\#347\#220\#206\#350\#264\#247\#346\#236\#266_20260827190358/audio" failed: Operation not permitted (1)
rsync: [generator] chgrp "/mnt/nas/synnas/ego\#346\#225\#260\#346\#215\#256/baai_ego_task/cp_0001/session_20260826_100651/divide/session_20260826_100651_\#346\#225\#264\#347\#220\#206\#350\#264\#247\#346\#236\#266_20260827190358/audio/audio.wav" failed: Operation not permitted (1)
rsync: [generator] chgrp "/mnt/nas/synnas/ego\#346\#225\#260\#346\#215\#256/baai_ego_task/cp_0001/session_20260826_100651/divide/session_20260826_100651_\#346\#225\#264\#347\#220\#206\#350\#264\#247\#346\#236\#266_20260827190358/calibrations" failed: Operation not permitted (1)
rsync: [generator] chgrp "/mnt/nas/synnas/ego\#346\#225\#260\#346\#215\#256/baai_ego_task/cp_0001/session_20260826_100651/divide/session_20260826_100651_\#346\#225\#264\#347\#220\#206\#350\#264\#247\#346\#236\#266_20260827190358/calibrations/calibrations.md" failed: Operation not permitted (1)
rsync: [generator] chgrp "/mnt/nas/synnas/ego\#346\#225\#260\#346\#215\#256/baai_ego_task/cp_0001/session_20260826_100651/divide/session_20260826_100651_\#346\#225\#264\#347\#220\#206\#350\#264\#247\#346\#236\#266_20260827190358/calibrations/camera-camchain.yaml" failed: Operation not permitted (1)
rsync: [generator] chgrp "/mnt/nas/synnas/ego\#346\#225\#260\#346\#215\#256/baai_ego_task/cp_0001/session_20260826_100651/divide/session_20260826_100651_\#346\#225\#264\#347\#220\#206\#350\#264\#247\#346\#236\#266_20260827190358/calibrations/camera_imu-camchain-imucam.yaml" failed: Operation not permitted (1)
rsync: [generator] chgrp "/mnt/nas/synnas/ego\#346\#225\#260\#346\#215\#256/baai_ego_task/cp_0001/session_20260826_100651/divide/session_20260826_100651_\#346\#225\#264\#347\#220\#206\#350\#264\#247\#346\#236\#266_20260827190358/calibrations/camera_imu-imu.yaml" failed: Operation not permitted (1)
rsync: [generator] chgrp "/mnt/nas/synnas/ego\#346\#225\#260\#346\#215\#256/baai_ego_task/cp_0001/session_20260826_100651/divide/session_20260826_100651_\#346\#225\#264\#347\#220\#206\#350\#264\#247\#346\#236\#266_20260827190358/imu" failed: Operation not permitted (1)
rsync: [generator] chgrp "/mnt/nas/synnas/ego\#346\#225\#260\#346\#215\#256/baai_ego_task/cp_0001/session_20260826_100651/divide/session_20260826_100651_\#346\#225\#264\#347\#220\#206\#350\#264\#247\#346\#236\#266_20260827190358/imu/imu0.csv" failed: Operation not permitted (1)
rsync: [generator] chgrp "/mnt/nas/synnas/ego\#346\#225\#260\#346\#215\#256/baai_ego_task/cp_0001/session_20260826_100651/divide/session_20260826_100651_\#346\#225\#264\#347\#220\#206\#350\#264\#247\#346\#236\#266_20260827190358/timestamps" failed: Operation not permitted (1)
rsync: [generator] chgrp "/mnt/nas/synnas/ego\#346\#225\#260\#346\#215\#256/baai_ego_task/cp_0001/session_20260826_100651/divide/session_20260826_100651_\#346\#225\#264\#347\#220\#206\#350\#264\#247\#346\#236\#266_20260827190358/timestamps/bleft_timestamps.txt" failed: Operation not permitted (1)
rsync: [generator] chgrp "/mnt/nas/synnas/ego\#346\#225\#260\#346\#215\#256/baai_ego_task/cp_0001/session_20260826_100651/divide/session_20260826_100651_\#346\#225\#264\#347\#220\#206\#350\#264\#247\#346\#236\#266_20260827190358/timestamps/bright_timestamps.txt" failed: Operation not permitted (1)
rsync: [generator] chgrp "/mnt/nas/synnas/ego\#346\#225\#260\#346\#215\#256/baai_ego_task/cp_0001/session_20260826_100651/divide/session_20260826_100651_\#346\#225\#264\#347\#220\#206\#350\#264\#247\#346\#236\#266_20260827190358/timestamps/left_timestamps.txt" failed: Operation not permitted (1)
rsync: [generator] chgrp "/mnt/nas/synnas/ego\#346\#225\#260\#346\#215\#256/baai_ego_task/cp_0001/session_20260826_100651/divide/session_20260826_100651_\#346\#225\#264\#347\#220\#206\#350\#264\#247\#346\#236\#266_20260827190358/timestamps/right_timestamps.txt" failed: Operation not permitted (1)
rsync: [generator] chgrp "/mnt/nas/synnas/ego\#346\#225\#260\#346\#215\#256/baai_ego_task/cp_0001/session_20260826_100651/divide/session_20260826_100651_\#346\#225\#264\#347\#220\#206\#350\#264\#247\#346\#236\#266_20260827190358/videos" failed: Operation not permitted (1)
rsync: [generator] chgrp "/mnt/nas/synnas/ego\#346\#225\#260\#346\#215\#256/baai_ego_task/cp_0001/session_20260826_100651/divide/session_20260826_100651_\#346\#225\#264\#347\#220\#206\#350\#264\#247\#346\#236\#266_20260827190358/videos/bleft.mp4" failed: Operation not permitted (1)
rsync: [generator] chgrp "/mnt/nas/synnas/ego\#346\#225\#260\#346\#215\#256/baai_ego_task/cp_0001/session_20260826_100651/divide/session_20260826_100651_\#346\#225\#264\#347\#220\#206\#350\#264\#247\#346\#236\#266_20260827190358/videos/bright.mp4" failed: Operation not permitted (1)
rsync: [generator] chgrp "/mnt/nas/synnas/ego\#346\#225\#260\#346\#215\#256/baai_ego_task/cp_0001/session_20260826_100651/divide/session_20260826_100651_\#346\#225\#264\#347\#220\#206\#350\#264\#247\#346\#236\#266_20260827190358/videos/left.mp4" failed: Operation not permitted (1)
rsync: [generator] chgrp "/mnt/nas/synnas/ego\#346\#225\#260\#346\#215\#256/baai_ego_task/cp_0001/session_20260826_100651/divide/session_20260826_100651_\#346\#225\#264\#347\#220\#206\#350\#264\#247\#346\#236\#266_20260827190358/videos/right.mp4" failed: Operation not permitted (1)
rsync: [generator] chgrp "/mnt/nas/synnas/ego\#346\#225\#260\#346\#215\#256/baai_ego_task/cp_0001/session_20260826_100651/divide/session_20260826_100651_\#346\#225\#264\#347\#220\#206\#350\#264\#247\#346\#236\#266_20260828102934" failed: Operation not permitted (1)
rsync: [generator] chgrp "/mnt/nas/synnas/ego\#346\#225\#260\#346\#215\#256/baai_ego_task/cp_0001/session_20260826_100651/divide/session_20260826_100651_\#346\#225\#264\#347\#220\#206\#350\#264\#247\#346\#236\#266_20260828102934/cut_info.json" failed: Operation not permitted (1)
rsync: [generator] chgrp "/mnt/nas/synnas/ego\#346\#225\#260\#346\#215\#256/baai_ego_task/cp_0001/session_20260826_100651/divide/session_20260826_100651_\#346\#225\#264\#347\#220\#206\#350\#264\#247\#346\#236\#266_20260828102934/meta.json" failed: Operation not permitted (1)
rsync: [generator] chgrp "/mnt/nas/synnas/ego\#346\#225\#260\#346\#215\#256/baai_ego_task/cp_0001/session_20260826_100651/divide/session_20260826_100651_\#346\#225\#264\#347\#220\#206\#350\#264\#247\#346\#236\#266_20260828102934/audio" failed: Operation not permitted (1)
rsync: [generator] chgrp "/mnt/nas/synnas/ego\#346\#225\#260\#346\#215\#256/baai_ego_task/cp_0001/session_20260826_100651/divide/session_20260826_100651_\#346\#225\#264\#347\#220\#206\#350\#264\#247\#346\#236\#266_20260828102934/audio/audio.wav" failed: Operation not permitted (1)
rsync: [generator] chgrp "/mnt/nas/synnas/ego\#346\#225\#260\#346\#215\#256/baai_ego_task/cp_0001/session_20260826_100651/divide/session_20260826_100651_\#346\#225\#264\#347\#220\#206\#350\#264\#247\#346\#236\#266_20260828102934/calibrations" failed: Operation not permitted (1)
rsync: [generator] chgrp "/mnt/nas/synnas/ego\#346\#225\#260\#346\#215\#256/baai_ego_task/cp_0001/session_20260826_100651/divide/session_20260826_100651_\#346\#225\#264\#347\#220\#206\#350\#264\#247\#346\#236\#266_20260828102934/calibrations/calibrations.md" failed: Operation not permitted (1)
rsync: [generator] chgrp "/mnt/nas/synnas/ego\#346\#225\#260\#346\#215\#256/baai_ego_task/cp_0001/session_20260826_100651/divide/session_20260826_100651_\#346\#225\#264\#347\#220\#206\#350\#264\#247\#346\#236\#266_20260828102934/calibrations/camera-camchain.yaml" failed: Operation not permitted (1)
rsync: [generator] chgrp "/mnt/nas/synnas/ego\#346\#225\#260\#346\#215\#256/baai_ego_task/cp_0001/session_20260826_100651/divide/session_20260826_100651_\#346\#225\#264\#347\#220\#206\#350\#264\#247\#346\#236\#266_20260828102934/calibrations/camera_imu-camchain-imucam.yaml" failed: Operation not permitted (1)
rsync: [generator] chgrp "/mnt/nas/synnas/ego\#346\#225\#260\#346\#215\#256/baai_ego_task/cp_0001/session_20260826_100651/divide/session_20260826_100651_\#346\#225\#264\#347\#220\#206\#350\#264\#247\#346\#236\#266_20260828102934/calibrations/camera_imu-imu.yaml" failed: Operation not permitted (1)
rsync: [generator] chgrp "/mnt/nas/synnas/ego\#346\#225\#260\#346\#215\#256/baai_ego_task/cp_0001/session_20260826_100651/divide/session_20260826_100651_\#346\#225\#264\#347\#220\#206\#350\#264\#247\#346\#236\#266_20260828102934/imu" failed: Operation not permitted (1)
rsync: [generator] chgrp "/mnt/nas/synnas/ego\#346\#225\#260\#346\#215\#256/baai_ego_task/cp_0001/session_20260826_100651/divide/session_20260826_100651_\#346\#225\#264\#347\#220\#206\#350\#264\#247\#346\#236\#266_20260828102934/imu/imu0.csv" failed: Operation not permitted (1)
rsync: [generator] chgrp "/mnt/nas/synnas/ego\#346\#225\#260\#346\#215\#256/baai_ego_task/cp_0001/session_20260826_100651/divide/session_20260826_100651_\#346\#225\#264\#347\#220\#206\#350\#264\#247\#346\#236\#266_20260828102934/timestamps" failed: Operation not permitted (1)
rsync: [generator] chgrp "/mnt/nas/synnas/ego\#346\#225\#260\#346\#215\#256/baai_ego_task/cp_0001/session_20260826_100651/divide/session_20260826_100651_\#346\#225\#264\#347\#220\#206\#350\#264\#247\#346\#236\#266_20260828102934/timestamps/bleft_timestamps.txt" failed: Operation not permitted (1)
rsync: [generator] chgrp "/mnt/nas/synnas/ego\#346\#225\#260\#346\#215\#256/baai_ego_task/cp_0001/session_20260826_100651/divide/session_20260826_100651_\#346\#225\#264\#347\#220\#206\#350\#264\#247\#346\#236\#266_20260828102934/timestamps/bright_timestamps.txt" failed: Operation not permitted (1)
rsync: [generator] chgrp "/mnt/nas/synnas/ego\#346\#225\#260\#346\#215\#256/baai_ego_task/cp_0001/session_20260826_100651/divide/session_20260826_100651_\#346\#225\#264\#347\#220\#206\#350\#264\#247\#346\#236\#266_20260828102934/timestamps/left_timestamps.txt" failed: Operation not permitted (1)
rsync: [generator] chgrp "/mnt/nas/synnas/ego\#346\#225\#260\#346\#215\#256/baai_ego_task/cp_0001/session_20260826_100651/divide/session_20260826_100651_\#346\#225\#264\#347\#220\#206\#350\#264\#247\#346\#236\#266_20260828102934/timestamps/right_timestamps.txt" failed: Operation not permitted (1)
rsync: [generator] chgrp "/mnt/nas/synnas/ego\#346\#225\#260\#346\#215\#256/baai_ego_task/cp_0001/session_20260826_100651/divide/session_20260826_100651_\#346\#225\#264\#347\#220\#206\#350\#264\#247\#346\#236\#266_20260828102934/videos" failed: Operation not permitted (1)
rsync: [generator] chgrp "/mnt/nas/synnas/ego\#346\#225\#260\#346\#215\#256/baai_ego_task/cp_0001/session_20260826_100651/divide/session_20260826_100651_\#346\#225\#264\#347\#220\#206\#350\#264\#247\#346\#236\#266_20260828102934/videos/bleft.mp4" failed: Operation not permitted (1)
rsync: [generator] chgrp "/mnt/nas/synnas/ego\#346\#225\#260\#346\#215\#256/baai_ego_task/cp_0001/session_20260826_100651/divide/session_20260826_100651_\#346\#225\#264\#347\#220\#206\#350\#264\#247\#346\#236\#266_20260828102934/videos/bright.mp4" failed: Operation not permitted (1)
rsync: [generator] chgrp "/mnt/nas/synnas/ego\#346\#225\#260\#346\#215\#256/baai_ego_task/cp_0001/session_20260826_100651/divide/session_20260826_100651_\#346\#225\#264\#347\#220\#206\#350\#264\#247\#346\#236\#266_20260828102934/videos/left.mp4" failed: Operation not permitted (1)
rsync: [generator] chgrp "/mnt/nas/synnas/ego\#346\#225\#260\#346\#215\#256/baai_ego_task/cp_0001/session_20260826_100651/divide/session_20260826_100651_\#346\#225\#264\#347\#220\#206\#350\#264\#247\#346\#236\#266_20260828102934/videos/right.mp4" failed: Operation not permitted (1)
rsync: [generator] chgrp "/mnt/nas/synnas/ego\#346\#225\#260\#346\#215\#256/baai_ego_task/cp_0001/session_20260826_100651/divide/session_20260826_100651_\#346\#225\#264\#347\#220\#206\#350\#264\#247\#346\#236\#266_20260828102936" failed: Operation not permitted (1)
rsync: [generator] chgrp "/mnt/nas/synnas/ego\#346\#225\#260\#346\#215\#256/baai_ego_task/cp_0001/session_20260826_100651/divide/session_20260826_100651_\#346\#225\#264\#347\#220\#206\#350\#264\#247\#346\#236\#266_20260828102936/cut_info.json" failed: Operation not permitted (1)
rsync: [generator] chgrp "/mnt/nas/synnas/ego\#346\#225\#260\#346\#215\#256/baai_ego_task/cp_0001/session_20260826_100651/divide/session_20260826_100651_\#346\#225\#264\#347\#220\#206\#350\#264\#247\#346\#236\#266_20260828102936/meta.json" failed: Operation not permitted (1)
rsync: [generator] chgrp "/mnt/nas/synnas/ego\#346\#225\#260\#346\#215\#256/baai_ego_task/cp_0001/session_20260826_100651/divide/session_20260826_100651_\#346\#225\#264\#347\#220\#206\#350\#264\#247\#346\#236\#266_20260828102936/audio" failed: Operation not permitted (1)
rsync: [generator] chgrp "/mnt/nas/synnas/ego\#346\#225\#260\#346\#215\#256/baai_ego_task/cp_0001/session_20260826_100651/divide/session_20260826_100651_\#346\#225\#264\#347\#220\#206\#350\#264\#247\#346\#236\#266_20260828102936/audio/audio.wav" failed: Operation not permitted (1)
rsync: [generator] chgrp "/mnt/nas/synnas/ego\#346\#225\#260\#346\#215\#256/baai_ego_task/cp_0001/session_20260826_100651/divide/session_20260826_100651_\#346\#225\#264\#347\#220\#206\#350\#264\#247\#346\#236\#266_20260828102936/calibrations" failed: Operation not permitted (1)
rsync: [generator] chgrp "/mnt/nas/synnas/ego\#346\#225\#260\#346\#215\#256/baai_ego_task/cp_0001/session_20260826_100651/divide/session_20260826_100651_\#346\#225\#264\#347\#220\#206\#350\#264\#247\#346\#236\#266_20260828102936/calibrations/calibrations.md" failed: Operation not permitted (1)
rsync: [generator] chgrp "/mnt/nas/synnas/ego\#346\#225\#260\#346\#215\#256/baai_ego_task/cp_0001/session_20260826_100651/divide/session_20260826_100651_\#346\#225\#264\#347\#220\#206\#350\#264\#247\#346\#236\#266_20260828102936/calibrations/camera-camchain.yaml" failed: Operation not permitted (1)
rsync: [generator] chgrp "/mnt/nas/synnas/ego\#346\#225\#260\#346\#215\#256/baai_ego_task/cp_0001/session_20260826_100651/divide/session_20260826_100651_\#346\#225\#264\#347\#220\#206\#350\#264\#247\#346\#236\#266_20260828102936/calibrations/camera_imu-camchain-imucam.yaml" failed: Operation not permitted (1)
rsync: [generator] chgrp "/mnt/nas/synnas/ego\#346\#225\#260\#346\#215\#256/baai_ego_task/cp_0001/session_20260826_100651/divide/session_20260826_100651_\#346\#225\#264\#347\#220\#206\#350\#264\#247\#346\#236\#266_20260828102936/calibrations/camera_imu-imu.yaml" failed: Operation not permitted (1)
rsync: [generator] chgrp "/mnt/nas/synnas/ego\#346\#225\#260\#346\#215\#256/baai_ego_task/cp_0001/session_20260826_100651/divide/session_20260826_100651_\#346\#225\#264\#347\#220\#206\#350\#264\#247\#346\#236\#266_20260828102936/imu" failed: Operation not permitted (1)
rsync: [generator] chgrp "/mnt/nas/synnas/ego\#346\#225\#260\#346\#215\#256/baai_ego_task/cp_0001/session_20260826_100651/divide/session_20260826_100651_\#346\#225\#264\#347\#220\#206\#350\#264\#247\#346\#236\#266_20260828102936/imu/imu0.csv" failed: Operation not permitted (1)
rsync: [generator] chgrp "/mnt/nas/synnas/ego\#346\#225\#260\#346\#215\#256/baai_ego_task/cp_0001/session_20260826_100651/divide/session_20260826_100651_\#346\#225\#264\#347\#220\#206\#350\#264\#247\#346\#236\#266_20260828102936/timestamps" failed: Operation not permitted (1)
rsync: [generator] chgrp "/mnt/nas/synnas/ego\#346\#225\#260\#346\#215\#256/baai_ego_task/cp_0001/session_20260826_100651/divide/session_20260826_100651_\#346\#225\#264\#347\#220\#206\#350\#264\#247\#346\#236\#266_20260828102936/timestamps/bleft_timestamps.txt" failed: Operation not permitted (1)
rsync: [generator] chgrp "/mnt/nas/synnas/ego\#346\#225\#260\#346\#215\#256/baai_ego_task/cp_0001/session_20260826_100651/divide/session_20260826_100651_\#346\#225\#264\#347\#220\#206\#350\#264\#247\#346\#236\#266_20260828102936/timestamps/bright_timestamps.txt" failed: Operation not permitted (1)
rsync: [generator] chgrp "/mnt/nas/synnas/ego\#346\#225\#260\#346\#215\#256/baai_ego_task/cp_0001/session_20260826_100651/divide/session_20260826_100651_\#346\#225\#264\#347\#220\#206\#350\#264\#247\#346\#236\#266_20260828102936/timestamps/left_timestamps.txt" failed: Operation not permitted (1)
rsync: [generator] chgrp "/mnt/nas/synnas/ego\#346\#225\#260\#346\#215\#256/baai_ego_task/cp_0001/session_20260826_100651/divide/session_20260826_100651_\#346\#225\#264\#347\#220\#206\#350\#264\#247\#346\#236\#266_20260828102936/timestamps/right_timestamps.txt" failed: Operation not permitted (1)
rsync: [generator] chgrp "/mnt/nas/synnas/ego\#346\#225\#260\#346\#215\#256/baai_ego_task/cp_0001/session_20260826_100651/divide/session_20260826_100651_\#346\#225\#264\#347\#220\#206\#350\#264\#247\#346\#236\#266_20260828102936/videos" failed: Operation not permitted (1)
rsync: [generator] chgrp "/mnt/nas/synnas/ego\#346\#225\#260\#346\#215\#256/baai_ego_task/cp_0001/session_20260826_100651/divide/session_20260826_100651_\#346\#225\#264\#347\#220\#206\#350\#264\#247\#346\#236\#266_20260828102936/videos/bleft.mp4" failed: Operation not permitted (1)
rsync: [generator] chgrp "/mnt/nas/synnas/ego\#346\#225\#260\#346\#215\#256/baai_ego_task/cp_0001/session_20260826_100651/divide/session_20260826_100651_\#346\#225\#264\#347\#220\#206\#350\#264\#247\#346\#236\#266_20260828102936/videos/bright.mp4" failed: Operation not permitted (1)
rsync: [generator] chgrp "/mnt/nas/synnas/ego\#346\#225\#260\#346\#215\#256/baai_ego_task/cp_0001/session_20260826_100651/divide/session_20260826_100651_\#346\#225\#264\#347\#220\#206\#350\#264\#247\#346\#236\#266_20260828102936/videos/left.mp4" failed: Operation not permitted (1)
rsync: [generator] chgrp "/mnt/nas/synnas/ego\#346\#225\#260\#346\#215\#256/baai_ego_task/cp_0001/session_20260826_100651/divide/session_20260826_100651_\#346\#225\#264\#347\#220\#206\#350\#264\#247\#346\#236\#266_20260828102936/videos/right.mp4" failed: Operation not permitted (1)
rsync: [generator] chgrp "/mnt/nas/synnas/ego\#346\#225\#260\#346\#215\#256/baai_ego_task/cp_0001/session_20260826_100651/divide/session_20260826_100651_\#346\#225\#264\#347\#220\#206\#350\#264\#247\#346\#236\#266_20260828102941" failed: Operation not permitted (1)
rsync: [generator] chgrp "/mnt/nas/synnas/ego\#346\#225\#260\#346\#215\#256/baai_ego_task/cp_0001/session_20260826_100651/divide/session_20260826_100651_\#346\#225\#264\#347\#220\#206\#350\#264\#247\#346\#236\#266_20260828102941/cut_info.json" failed: Operation not permitted (1)
rsync: [generator] chgrp "/mnt/nas/synnas/ego\#346\#225\#260\#346\#215\#256/baai_ego_task/cp_0001/session_20260826_100651/divide/session_20260826_100651_\#346\#225\#264\#347\#220\#206\#350\#264\#247\#346\#236\#266_20260828102941/meta.json" failed: Operation not permitted (1)
rsync: [generator] chgrp "/mnt/nas/synnas/ego\#346\#225\#260\#346\#215\#256/baai_ego_task/cp_0001/session_20260826_100651/divide/session_20260826_100651_\#346\#225\#264\#347\#220\#206\#350\#264\#247\#346\#236\#266_20260828102941/audio" failed: Operation not permitted (1)
rsync: [generator] chgrp "/mnt/nas/synnas/ego\#346\#225\#260\#346\#215\#256/baai_ego_task/cp_0001/session_20260826_100651/divide/session_20260826_100651_\#346\#225\#264\#347\#220\#206\#350\#264\#247\#346\#236\#266_20260828102941/audio/audio.wav" failed: Operation not permitted (1)
rsync: [generator] chgrp "/mnt/nas/synnas/ego\#346\#225\#260\#346\#215\#256/baai_ego_task/cp_0001/session_20260826_100651/divide/session_20260826_100651_\#346\#225\#264\#347\#220\#206\#350\#264\#247\#346\#236\#266_20260828102941/calibrations" failed: Operation not permitted (1)
rsync: [generator] chgrp "/mnt/nas/synnas/ego\#346\#225\#260\#346\#215\#256/baai_ego_task/cp_0001/session_20260826_100651/divide/session_20260826_100651_\#346\#225\#264\#347\#220\#206\#350\#264\#247\#346\#236\#266_20260828102941/calibrations/calibrations.md" failed: Operation not permitted (1)
rsync: [generator] chgrp "/mnt/nas/synnas/ego\#346\#225\#260\#346\#215\#256/baai_ego_task/cp_0001/session_20260826_100651/divide/session_20260826_100651_\#346\#225\#264\#347\#220\#206\#350\#264\#247\#346\#236\#266_20260828102941/calibrations/camera-camchain.yaml" failed: Operation not permitted (1)
rsync: [generator] chgrp "/mnt/nas/synnas/ego\#346\#225\#260\#346\#215\#256/baai_ego_task/cp_0001/session_20260826_100651/divide/session_20260826_100651_\#346\#225\#264\#347\#220\#206\#350\#264\#247\#346\#236\#266_20260828102941/calibrations/camera_imu-camchain-imucam.yaml" failed: Operation not permitted (1)
rsync: [generator] chgrp "/mnt/nas/synnas/ego\#346\#225\#260\#346\#215\#256/baai_ego_task/cp_0001/session_20260826_100651/divide/session_20260826_100651_\#346\#225\#264\#347\#220\#206\#350\#264\#247\#346\#236\#266_20260828102941/calibrations/camera_imu-imu.yaml" failed: Operation not permitted (1)
rsync: [generator] chgrp "/mnt/nas/synnas/ego\#346\#225\#260\#346\#215\#256/baai_ego_task/cp_0001/session_20260826_100651/divide/session_20260826_100651_\#346\#225\#264\#347\#220\#206\#350\#264\#247\#346\#236\#266_20260828102941/imu" failed: Operation not permitted (1)
rsync: [generator] chgrp "/mnt/nas/synnas/ego\#346\#225\#260\#346\#215\#256/baai_ego_task/cp_0001/session_20260826_100651/divide/session_20260826_100651_\#346\#225\#264\#347\#220\#206\#350\#264\#247\#346\#236\#266_20260828102941/imu/imu0.csv" failed: Operation not permitted (1)
rsync: [generator] chgrp "/mnt/nas/synnas/ego\#346\#225\#260\#346\#215\#256/baai_ego_task/cp_0001/session_20260826_100651/divide/session_20260826_100651_\#346\#225\#264\#347\#220\#206\#350\#264\#247\#346\#236\#266_20260828102941/timestamps" failed: Operation not permitted (1)
rsync: [generator] chgrp "/mnt/nas/synnas/ego\#346\#225\#260\#346\#215\#256/baai_ego_task/cp_0001/session_20260826_100651/divide/session_20260826_100651_\#346\#225\#264\#347\#220\#206\#350\#264\#247\#346\#236\#266_20260828102941/timestamps/bleft_timestamps.txt" failed: Operation not permitted (1)
rsync: [generator] chgrp "/mnt/nas/synnas/ego\#346\#225\#260\#346\#215\#256/baai_ego_task/cp_0001/session_20260826_100651/divide/session_20260826_100651_\#346\#225\#264\#347\#220\#206\#350\#264\#247\#346\#236\#266_20260828102941/timestamps/bright_timestamps.txt" failed: Operation not permitted (1)
rsync: [generator] chgrp "/mnt/nas/synnas/ego\#346\#225\#260\#346\#215\#256/baai_ego_task/cp_0001/session_20260826_100651/divide/session_20260826_100651_\#346\#225\#264\#347\#220\#206\#350\#264\#247\#346\#236\#266_20260828102941/timestamps/left_timestamps.txt" failed: Operation not permitted (1)
rsync: [generator] chgrp "/mnt/nas/synnas/ego\#346\#225\#260\#346\#215\#256/baai_ego_task/cp_0001/session_20260826_100651/divide/session_20260826_100651_\#346\#225\#264\#347\#220\#206\#350\#264\#247\#346\#236\#266_20260828102941/timestamps/right_timestamps.txt" failed: Operation not permitted (1)
rsync: [generator] chgrp "/mnt/nas/synnas/ego\#346\#225\#260\#346\#215\#256/baai_ego_task/cp_0001/session_20260826_100651/divide/session_20260826_100651_\#346\#225\#264\#347\#220\#206\#350\#264\#247\#346\#236\#266_20260828102941/videos" failed: Operation not permitted (1)
rsync: [generator] chgrp "/mnt/nas/synnas/ego\#346\#225\#260\#346\#215\#256/baai_ego_task/cp_0001/session_20260826_100651/divide/session_20260826_100651_\#346\#225\#264\#347\#220\#206\#350\#264\#247\#346\#236\#266_20260828102941/videos/bleft.mp4" failed: Operation not permitted (1)
rsync: [generator] chgrp "/mnt/nas/synnas/ego\#346\#225\#260\#346\#215\#256/baai_ego_task/cp_0001/session_20260826_100651/divide/session_20260826_100651_\#346\#225\#264\#347\#220\#206\#350\#264\#247\#346\#236\#266_20260828102941/videos/bright.mp4" failed: Operation not permitted (1)
rsync: [generator] chgrp "/mnt/nas/synnas/ego\#346\#225\#260\#346\#215\#256/baai_ego_task/cp_0001/session_20260826_100651/divide/session_20260826_100651_\#346\#225\#264\#347\#220\#206\#350\#264\#247\#346\#236\#266_20260828102941/videos/left.mp4" failed: Operation not permitted (1)
rsync: [generator] chgrp "/mnt/nas/synnas/ego\#346\#225\#260\#346\#215\#256/baai_ego_task/cp_0001/session_20260826_100651/divide/session_20260826_100651_\#346\#225\#264\#347\#220\#206\#350\#264\#247\#346\#236\#266_20260828102941/videos/right.mp4" failed: Operation not permitted (1)

Number of files: 89 (reg: 64, dir: 25)
Number of created files: 0
Number of deleted files: 0
Number of regular files transferred: 0
Total file size: 3,232,715,743 bytes
Total transferred file size: 0 bytes
Literal data: 0 bytes
Matched data: 0 bytes
File list size: 0
File list generation time: 0.001 seconds
File list transfer time: 0.000 seconds
Total bytes sent: 3,087
Total bytes received: 307

sent 3,087 bytes  received 307 bytes  6,788.00 bytes/sec
total size is 3,232,715,743  speedup is 952,479.59
rsync error: some files/attrs were not transferred (see previous errors) (code 23) at main.c(1356) [sender=3.2.7]
[18:58:10] done cp_0001/session_20260826_100651/divide/good

[18:58:10] rsync cp_0001/session_20260826_114012/divide/good  (10 cuts) -> /mnt/nas/synnas/ego数据/baai_ego_task/cp_0001/session_20260826_114012/divide
rsync: [generator] chgrp "/mnt/nas/synnas/ego\#346\#225\#260\#346\#215\#256/baai_ego_task/cp_0001/session_20260826_114012/divide/." failed: Operation not permitted (1)
rsync: [generator] chgrp "/mnt/nas/synnas/ego\#346\#225\#260\#346\#215\#256/baai_ego_task/cp_0001/session_20260826_114012/divide/session_20260826_114012_\#346\#225\#264\#347\#220\#206\#350\#264\#247\#346\#236\#266_20260831110653" failed: Operation not permitted (1)
rsync: [generator] chgrp "/mnt/nas/synnas/ego\#346\#225\#260\#346\#215\#256/baai_ego_task/cp_0001/session_20260826_114012/divide/session_20260826_114012_\#346\#225\#264\#347\#220\#206\#350\#264\#247\#346\#236\#266_20260831110653/audio" failed: Operation not permitted (1)
rsync: [generator] chgrp "/mnt/nas/synnas/ego\#346\#225\#260\#346\#215\#256/baai_ego_task/cp_0001/session_20260826_114012/divide/session_20260826_114012_\#346\#225\#264\#347\#220\#206\#350\#264\#247\#346\#236\#266_20260831110653/calibrations" failed: Operation not permitted (1)
rsync: [generator] chgrp "/mnt/nas/synnas/ego\#346\#225\#260\#346\#215\#256/baai_ego_task/cp_0001/session_20260826_114012/divide/session_20260826_114012_\#346\#225\#264\#347\#220\#206\#350\#264\#247\#346\#236\#266_20260831110653/imu" failed: Operation not permitted (1)
rsync: [generator] chgrp "/mnt/nas/synnas/ego\#346\#225\#260\#346\#215\#256/baai_ego_task/cp_0001/session_20260826_114012/divide/session_20260826_114012_\#346\#225\#264\#347\#220\#206\#350\#264\#247\#346\#236\#266_20260831110653/timestamps" failed: Operation not permitted (1)
rsync: [generator] chgrp "/mnt/nas/synnas/ego\#346\#225\#260\#346\#215\#256/baai_ego_task/cp_0001/session_20260826_114012/divide/session_20260826_114012_\#346\#225\#264\#347\#220\#206\#350\#264\#247\#346\#236\#266_20260831110653/videos" failed: Operation not permitted (1)
rsync: [generator] chgrp "/mnt/nas/synnas/ego\#346\#225\#260\#346\#215\#256/baai_ego_task/cp_0001/session_20260826_114012/divide/session_20260826_114012_\#346\#225\#264\#347\#220\#206\#350\#264\#247\#346\#236\#266_20260831110656" failed: Operation not permitted (1)
rsync: [generator] chgrp "/mnt/nas/synnas/ego\#346\#225\#260\#346\#215\#256/baai_ego_task/cp_0001/session_20260826_114012/divide/session_20260826_114012_\#346\#225\#264\#347\#220\#206\#350\#264\#247\#346\#236\#266_20260831110656/audio" failed: Operation not permitted (1)
rsync: [generator] chgrp "/mnt/nas/synnas/ego\#346\#225\#260\#346\#215\#256/baai_ego_task/cp_0001/session_20260826_114012/divide/session_20260826_114012_\#346\#225\#264\#347\#220\#206\#350\#264\#247\#346\#236\#266_20260831110656/calibrations" failed: Operation not permitted (1)
rsync: [generator] chgrp "/mnt/nas/synnas/ego\#346\#225\#260\#346\#215\#256/baai_ego_task/cp_0001/session_20260826_114012/divide/session_20260826_114012_\#346\#225\#264\#347\#220\#206\#350\#264\#247\#346\#236\#266_20260831110656/imu" failed: Operation not permitted (1)
rsync: [generator] chgrp "/mnt/nas/synnas/ego\#346\#225\#260\#346\#215\#256/baai_ego_task/cp_0001/session_20260826_114012/divide/session_20260826_114012_\#346\#225\#264\#347\#220\#206\#350\#264\#247\#346\#236\#266_20260831110656/timestamps" failed: Operation not permitted (1)
rsync: [generator] chgrp "/mnt/nas/synnas/ego\#346\#225\#260\#346\#215\#256/baai_ego_task/cp_0001/session_20260826_114012/divide/session_20260826_114012_\#346\#225\#264\#347\#220\#206\#350\#264\#247\#346\#236\#266_20260831110656/videos" failed: Operation not permitted (1)
rsync: [generator] chgrp "/mnt/nas/synnas/ego\#346\#225\#260\#346\#215\#256/baai_ego_task/cp_0001/session_20260826_114012/divide/session_20260826_114012_\#346\#225\#264\#347\#220\#206\#350\#264\#247\#346\#236\#266_20260831110657" failed: Operation not permitted (1)
rsync: [generator] chgrp "/mnt/nas/synnas/ego\#346\#225\#260\#346\#215\#256/baai_ego_task/cp_0001/session_20260826_114012/divide/session_20260826_114012_\#346\#225\#264\#347\#220\#206\#350\#264\#247\#346\#236\#266_20260831110657/audio" failed: Operation not permitted (1)
rsync: [generator] chgrp "/mnt/nas/synnas/ego\#346\#225\#260\#346\#215\#256/baai_ego_task/cp_0001/session_20260826_114012/divide/session_20260826_114012_\#346\#225\#264\#347\#220\#206\#350\#264\#247\#346\#236\#266_20260831110657/calibrations" failed: Operation not permitted (1)
rsync: [generator] chgrp "/mnt/nas/synnas/ego\#346\#225\#260\#346\#215\#256/baai_ego_task/cp_0001/session_20260826_114012/divide/session_20260826_114012_\#346\#225\#264\#347\#220\#206\#350\#264\#247\#346\#236\#266_20260831110657/imu" failed: Operation not permitted (1)
rsync: [generator] chgrp "/mnt/nas/synnas/ego\#346\#225\#260\#346\#215\#256/baai_ego_task/cp_0001/session_20260826_114012/divide/session_20260826_114012_\#346\#225\#264\#347\#220\#206\#350\#264\#247\#346\#236\#266_20260831110657/timestamps" failed: Operation not permitted (1)
rsync: [generator] chgrp "/mnt/nas/synnas/ego\#346\#225\#260\#346\#215\#256/baai_ego_task/cp_0001/session_20260826_114012/divide/session_20260826_114012_\#346\#225\#264\#347\#220\#206\#350\#264\#247\#346\#236\#266_20260831110657/videos" failed: Operation not permitted (1)
rsync: [generator] chgrp "/mnt/nas/synnas/ego\#346\#225\#260\#346\#215\#256/baai_ego_task/cp_0001/session_20260826_114012/divide/session_20260826_114012_\#346\#225\#264\#347\#220\#206\#350\#264\#247\#346\#236\#266_20260831110658" failed: Operation not permitted (1)
rsync: [generator] chgrp "/mnt/nas/synnas/ego\#346\#225\#260\#346\#215\#256/baai_ego_task/cp_0001/session_20260826_114012/divide/session_20260826_114012_\#346\#225\#264\#347\#220\#206\#350\#264\#247\#346\#236\#266_20260831110658/audio" failed: Operation not permitted (1)
rsync: [generator] chgrp "/mnt/nas/synnas/ego\#346\#225\#260\#346\#215\#256/baai_ego_task/cp_0001/session_20260826_114012/divide/session_20260826_114012_\#346\#225\#264\#347\#220\#206\#350\#264\#247\#346\#236\#266_20260831110658/calibrations" failed: Operation not permitted (1)
rsync: [generator] chgrp "/mnt/nas/synnas/ego\#346\#225\#260\#346\#215\#256/baai_ego_task/cp_0001/session_20260826_114012/divide/session_20260826_114012_\#346\#225\#264\#347\#220\#206\#350\#264\#247\#346\#236\#266_20260831110658/imu" failed: Operation not permitted (1)
rsync: [generator] chgrp "/mnt/nas/synnas/ego\#346\#225\#260\#346\#215\#256/baai_ego_task/cp_0001/session_20260826_114012/divide/session_20260826_114012_\#346\#225\#264\#347\#220\#206\#350\#264\#247\#346\#236\#266_20260831110658/timestamps" failed: Operation not permitted (1)
rsync: [generator] chgrp "/mnt/nas/synnas/ego\#346\#225\#260\#346\#215\#256/baai_ego_task/cp_0001/session_20260826_114012/divide/session_20260826_114012_\#346\#225\#264\#347\#220\#206\#350\#264\#247\#346\#236\#266_20260831110658/videos" failed: Operation not permitted (1)
rsync: [generator] chgrp "/mnt/nas/synnas/ego\#346\#225\#260\#346\#215\#256/baai_ego_task/cp_0001/session_20260826_114012/divide/session_20260826_114012_\#346\#225\#264\#347\#220\#206\#350\#264\#247\#346\#236\#266_20260831140401" failed: Operation not permitted (1)
rsync: [generator] chgrp "/mnt/nas/synnas/ego\#346\#225\#260\#346\#215\#256/baai_ego_task/cp_0001/session_20260826_114012/divide/session_20260826_114012_\#346\#225\#264\#347\#220\#206\#350\#264\#247\#346\#236\#266_20260831140401/audio" failed: Operation not permitted (1)
rsync: [generator] chgrp "/mnt/nas/synnas/ego\#346\#225\#260\#346\#215\#256/baai_ego_task/cp_0001/session_20260826_114012/divide/session_20260826_114012_\#346\#225\#264\#347\#220\#206\#350\#264\#247\#346\#236\#266_20260831140401/calibrations" failed: Operation not permitted (1)
rsync: [generator] chgrp "/mnt/nas/synnas/ego\#346\#225\#260\#346\#215\#256/baai_ego_task/cp_0001/session_20260826_114012/divide/session_20260826_114012_\#346\#225\#264\#347\#220\#206\#350\#264\#247\#346\#236\#266_20260831140401/imu" failed: Operation not permitted (1)
rsync: [generator] chgrp "/mnt/nas/synnas/ego\#346\#225\#260\#346\#215\#256/baai_ego_task/cp_0001/session_20260826_114012/divide/session_20260826_114012_\#346\#225\#264\#347\#220\#206\#350\#264\#247\#346\#236\#266_20260831140401/timestamps" failed: Operation not permitted (1)
rsync: [generator] chgrp "/mnt/nas/synnas/ego\#346\#225\#260\#346\#215\#256/baai_ego_task/cp_0001/session_20260826_114012/divide/session_20260826_114012_\#346\#225\#264\#347\#220\#206\#350\#264\#247\#346\#236\#266_20260831140401/videos" failed: Operation not permitted (1)
rsync: [generator] chgrp "/mnt/nas/synnas/ego\#346\#225\#260\#346\#215\#256/baai_ego_task/cp_0001/session_20260826_114012/divide/session_20260826_114012_\#346\#225\#264\#347\#220\#206\#350\#264\#247\#346\#236\#266_20260831140405" failed: Operation not permitted (1)
rsync: [generator] chgrp "/mnt/nas/synnas/ego\#346\#225\#260\#346\#215\#256/baai_ego_task/cp_0001/session_20260826_114012/divide/session_20260826_114012_\#346\#225\#264\#347\#220\#206\#350\#264\#247\#346\#236\#266_20260831140405/audio" failed: Operation not permitted (1)
rsync: [generator] chgrp "/mnt/nas/synnas/ego\#346\#225\#260\#346\#215\#256/baai_ego_task/cp_0001/session_20260826_114012/divide/session_20260826_114012_\#346\#225\#264\#347\#220\#206\#350\#264\#247\#346\#236\#266_20260831140405/calibrations" failed: Operation not permitted (1)
rsync: [generator] chgrp "/mnt/nas/synnas/ego\#346\#225\#260\#346\#215\#256/baai_ego_task/cp_0001/session_20260826_114012/divide/session_20260826_114012_\#346\#225\#264\#347\#220\#206\#350\#264\#247\#346\#236\#266_20260831140405/imu" failed: Operation not permitted (1)
rsync: [generator] chgrp "/mnt/nas/synnas/ego\#346\#225\#260\#346\#215\#256/baai_ego_task/cp_0001/session_20260826_114012/divide/session_20260826_114012_\#346\#225\#264\#347\#220\#206\#350\#264\#247\#346\#236\#266_20260831140405/timestamps" failed: Operation not permitted (1)
rsync: [generator] chgrp "/mnt/nas/synnas/ego\#346\#225\#260\#346\#215\#256/baai_ego_task/cp_0001/session_20260826_114012/divide/session_20260826_114012_\#346\#225\#264\#347\#220\#206\#350\#264\#247\#346\#236\#266_20260831140405/videos" failed: Operation not permitted (1)
rsync: [generator] chgrp "/mnt/nas/synnas/ego\#346\#225\#260\#346\#215\#256/baai_ego_task/cp_0001/session_20260826_114012/divide/session_20260826_114012_\#346\#225\#264\#347\#220\#206\#350\#264\#247\#346\#236\#266_20260831140409" failed: Operation not permitted (1)
rsync: [generator] chgrp "/mnt/nas/synnas/ego\#346\#225\#260\#346\#215\#256/baai_ego_task/cp_0001/session_20260826_114012/divide/session_20260826_114012_\#346\#225\#264\#347\#220\#206\#350\#264\#247\#346\#236\#266_20260831140409/audio" failed: Operation not permitted (1)
rsync: [generator] chgrp "/mnt/nas/synnas/ego\#346\#225\#260\#346\#215\#256/baai_ego_task/cp_0001/session_20260826_114012/divide/session_20260826_114012_\#346\#225\#264\#347\#220\#206\#350\#264\#247\#346\#236\#266_20260831140409/calibrations" failed: Operation not permitted (1)
rsync: [generator] chgrp "/mnt/nas/synnas/ego\#346\#225\#260\#346\#215\#256/baai_ego_task/cp_0001/session_20260826_114012/divide/session_20260826_114012_\#346\#225\#264\#347\#220\#206\#350\#264\#247\#346\#236\#266_20260831140409/imu" failed: Operation not permitted (1)
rsync: [generator] chgrp "/mnt/nas/synnas/ego\#346\#225\#260\#346\#215\#256/baai_ego_task/cp_0001/session_20260826_114012/divide/session_20260826_114012_\#346\#225\#264\#347\#220\#206\#350\#264\#247\#346\#236\#266_20260831140409/timestamps" failed: Operation not permitted (1)
rsync: [generator] chgrp "/mnt/nas/synnas/ego\#346\#225\#260\#346\#215\#256/baai_ego_task/cp_0001/session_20260826_114012/divide/session_20260826_114012_\#346\#225\#264\#347\#220\#206\#350\#264\#247\#346\#236\#266_20260831140409/videos" failed: Operation not permitted (1)
rsync: [generator] chgrp "/mnt/nas/synnas/ego\#346\#225\#260\#346\#215\#256/baai_ego_task/cp_0001/session_20260826_114012/divide/session_20260826_114012_\#346\#225\#264\#347\#220\#206\#350\#264\#247\#346\#236\#266_20260831140445" failed: Operation not permitted (1)
rsync: [generator] chgrp "/mnt/nas/synnas/ego\#346\#225\#260\#346\#215\#256/baai_ego_task/cp_0001/session_20260826_114012/divide/session_20260826_114012_\#346\#225\#264\#347\#220\#206\#350\#264\#247\#346\#236\#266_20260831140445/audio" failed: Operation not permitted (1)
rsync: [generator] chgrp "/mnt/nas/synnas/ego\#346\#225\#260\#346\#215\#256/baai_ego_task/cp_0001/session_20260826_114012/divide/session_20260826_114012_\#346\#225\#264\#347\#220\#206\#350\#264\#247\#346\#236\#266_20260831140445/calibrations" failed: Operation not permitted (1)
rsync: [generator] chgrp "/mnt/nas/synnas/ego\#346\#225\#260\#346\#215\#256/baai_ego_task/cp_0001/session_20260826_114012/divide/session_20260826_114012_\#346\#225\#264\#347\#220\#206\#350\#264\#247\#346\#236\#266_20260831140445/imu" failed: Operation not permitted (1)
rsync: [generator] chgrp "/mnt/nas/synnas/ego\#346\#225\#260\#346\#215\#256/baai_ego_task/cp_0001/session_20260826_114012/divide/session_20260826_114012_\#346\#225\#264\#347\#220\#206\#350\#264\#247\#346\#236\#266_20260831140445/timestamps" failed: Operation not permitted (1)
rsync: [generator] chgrp "/mnt/nas/synnas/ego\#346\#225\#260\#346\#215\#256/baai_ego_task/cp_0001/session_20260826_114012/divide/session_20260826_114012_\#346\#225\#264\#347\#220\#206\#350\#264\#247\#346\#236\#266_20260831140445/videos" failed: Operation not permitted (1)
rsync: [generator] chgrp "/mnt/nas/synnas/ego\#346\#225\#260\#346\#215\#256/baai_ego_task/cp_0001/session_20260826_114012/divide/session_20260826_114012_\#346\#225\#264\#347\#220\#206\#350\#264\#247\#346\#236\#266_20260831140455" failed: Operation not permitted (1)
rsync: [generator] chgrp "/mnt/nas/synnas/ego\#346\#225\#260\#346\#215\#256/baai_ego_task/cp_0001/session_20260826_114012/divide/session_20260826_114012_\#346\#225\#264\#347\#220\#206\#350\#264\#247\#346\#236\#266_20260831140455/audio" failed: Operation not permitted (1)
rsync: [generator] chgrp "/mnt/nas/synnas/ego\#346\#225\#260\#346\#215\#256/baai_ego_task/cp_0001/session_20260826_114012/divide/session_20260826_114012_\#346\#225\#264\#347\#220\#206\#350\#264\#247\#346\#236\#266_20260831140455/calibrations" failed: Operation not permitted (1)
rsync: [generator] chgrp "/mnt/nas/synnas/ego\#346\#225\#260\#346\#215\#256/baai_ego_task/cp_0001/session_20260826_114012/divide/session_20260826_114012_\#346\#225\#264\#347\#220\#206\#350\#264\#247\#346\#236\#266_20260831140455/imu" failed: Operation not permitted (1)
rsync: [generator] chgrp "/mnt/nas/synnas/ego\#346\#225\#260\#346\#215\#256/baai_ego_task/cp_0001/session_20260826_114012/divide/session_20260826_114012_\#346\#225\#264\#347\#220\#206\#350\#264\#247\#346\#236\#266_20260831140455/timestamps" failed: Operation not permitted (1)
rsync: [generator] chgrp "/mnt/nas/synnas/ego\#346\#225\#260\#346\#215\#256/baai_ego_task/cp_0001/session_20260826_114012/divide/session_20260826_114012_\#346\#225\#264\#347\#220\#206\#350\#264\#247\#346\#236\#266_20260831140455/videos" failed: Operation not permitted (1)
rsync: [generator] chgrp "/mnt/nas/synnas/ego\#346\#225\#260\#346\#215\#256/baai_ego_task/cp_0001/session_20260826_114012/divide/session_20260826_114012_\#350\#243\#205\#350\#242\#213_20260831140438" failed: Operation not permitted (1)
rsync: [generator] chgrp "/mnt/nas/synnas/ego\#346\#225\#260\#346\#215\#256/baai_ego_task/cp_0001/session_20260826_114012/divide/session_20260826_114012_\#350\#243\#205\#350\#242\#213_20260831140438/audio" failed: Operation not permitted (1)
rsync: [generator] chgrp "/mnt/nas/synnas/ego\#346\#225\#260\#346\#215\#256/baai_ego_task/cp_0001/session_20260826_114012/divide/session_20260826_114012_\#350\#243\#205\#350\#242\#213_20260831140438/calibrations" failed: Operation not permitted (1)
rsync: [generator] chgrp "/mnt/nas/synnas/ego\#346\#225\#260\#346\#215\#256/baai_ego_task/cp_0001/session_20260826_114012/divide/session_20260826_114012_\#350\#243\#205\#350\#242\#213_20260831140438/imu" failed: Operation not permitted (1)
rsync: [generator] chgrp "/mnt/nas/synnas/ego\#346\#225\#260\#346\#215\#256/baai_ego_task/cp_0001/session_20260826_114012/divide/session_20260826_114012_\#350\#243\#205\#350\#242\#213_20260831140438/timestamps" failed: Operation not permitted (1)
rsync: [generator] chgrp "/mnt/nas/synnas/ego\#346\#225\#260\#346\#215\#256/baai_ego_task/cp_0001/session_20260826_114012/divide/session_20260826_114012_\#350\#243\#205\#350\#242\#213_20260831140438/videos" failed: Operation not permitted (1)
rsync: [receiver] chgrp "/mnt/nas/synnas/ego\#346\#225\#260\#346\#215\#256/baai_ego_task/cp_0001/session_20260826_114012/divide/session_20260826_114012_\#346\#225\#264\#347\#220\#206\#350\#264\#247\#346\#236\#266_20260831110653/.cut_info.json.Q4DFTo" failed: Operation not permitted (1)
rsync: [receiver] chgrp "/mnt/nas/synnas/ego\#346\#225\#260\#346\#215\#256/baai_ego_task/cp_0001/session_20260826_114012/divide/session_20260826_114012_\#346\#225\#264\#347\#220\#206\#350\#264\#247\#346\#236\#266_20260831110653/.meta.json.ls3Kzc" failed: Operation not permitted (1)
rsync: [receiver] chgrp "/mnt/nas/synnas/ego\#346\#225\#260\#346\#215\#256/baai_ego_task/cp_0001/session_20260826_114012/divide/session_20260826_114012_\#346\#225\#264\#347\#220\#206\#350\#264\#247\#346\#236\#266_20260831110653/audio/.audio.wav.RPuzeu" failed: Operation not permitted (1)
rsync: [receiver] chgrp "/mnt/nas/synnas/ego\#346\#225\#260\#346\#215\#256/baai_ego_task/cp_0001/session_20260826_114012/divide/session_20260826_114012_\#346\#225\#264\#347\#220\#206\#350\#264\#247\#346\#236\#266_20260831110653/calibrations/.calibrations.md.QrXDBD" failed: Operation not permitted (1)
rsync: [receiver] chgrp "/mnt/nas/synnas/ego\#346\#225\#260\#346\#215\#256/baai_ego_task/cp_0001/session_20260826_114012/divide/session_20260826_114012_\#346\#225\#264\#347\#220\#206\#350\#264\#247\#346\#236\#266_20260831110653/calibrations/.camera-camchain.yaml.ndUd5r" failed: Operation not permitted (1)
rsync: [receiver] chgrp "/mnt/nas/synnas/ego\#346\#225\#260\#346\#215\#256/baai_ego_task/cp_0001/session_20260826_114012/divide/session_20260826_114012_\#346\#225\#264\#347\#220\#206\#350\#264\#247\#346\#236\#266_20260831110653/calibrations/.camera_imu-camchain-imucam.yaml.2XmIae" failed: Operation not permitted (1)
rsync: [receiver] chgrp "/mnt/nas/synnas/ego\#346\#225\#260\#346\#215\#256/baai_ego_task/cp_0001/session_20260826_114012/divide/session_20260826_114012_\#346\#225\#264\#347\#220\#206\#350\#264\#247\#346\#236\#266_20260831110653/calibrations/.camera_imu-imu.yaml.0CdGCX" failed: Operation not permitted (1)
rsync: [receiver] chgrp "/mnt/nas/synnas/ego\#346\#225\#260\#346\#215\#256/baai_ego_task/cp_0001/session_20260826_114012/divide/session_20260826_114012_\#346\#225\#264\#347\#220\#206\#350\#264\#247\#346\#236\#266_20260831110653/imu/.imu0.csv.5lFAOE" failed: Operation not permitted (1)
rsync: [receiver] chgrp "/mnt/nas/synnas/ego\#346\#225\#260\#346\#215\#256/baai_ego_task/cp_0001/session_20260826_114012/divide/session_20260826_114012_\#346\#225\#264\#347\#220\#206\#350\#264\#247\#346\#236\#266_20260831110653/timestamps/.bleft_timestamps.txt.hr7QwS" failed: Operation not permitted (1)
rsync: [receiver] chgrp "/mnt/nas/synnas/ego\#346\#225\#260\#346\#215\#256/baai_ego_task/cp_0001/session_20260826_114012/divide/session_20260826_114012_\#346\#225\#264\#347\#220\#206\#350\#264\#247\#346\#236\#266_20260831110653/timestamps/.bright_timestamps.txt.y7txAW" failed: Operation not permitted (1)
rsync: [receiver] chgrp "/mnt/nas/synnas/ego\#346\#225\#260\#346\#215\#256/baai_ego_task/cp_0001/session_20260826_114012/divide/session_20260826_114012_\#346\#225\#264\#347\#220\#206\#350\#264\#247\#346\#236\#266_20260831110653/timestamps/.left_timestamps.txt.TooY54" failed: Operation not permitted (1)
rsync: [receiver] chgrp "/mnt/nas/synnas/ego\#346\#225\#260\#346\#215\#256/baai_ego_task/cp_0001/session_20260826_114012/divide/session_20260826_114012_\#346\#225\#264\#347\#220\#206\#350\#264\#247\#346\#236\#266_20260831110653/timestamps/.right_timestamps.txt.jcaEEx" failed: Operation not permitted (1)
rsync: [receiver] chgrp "/mnt/nas/synnas/ego\#346\#225\#260\#346\#215\#256/baai_ego_task/cp_0001/session_20260826_114012/divide/session_20260826_114012_\#346\#225\#264\#347\#220\#206\#350\#264\#247\#346\#236\#266_20260831110653/videos/.bleft.mp4.6DOt4n" failed: Operation not permitted (1)
rsync: [receiver] chgrp "/mnt/nas/synnas/ego\#346\#225\#260\#346\#215\#256/baai_ego_task/cp_0001/session_20260826_114012/divide/session_20260826_114012_\#346\#225\#264\#347\#220\#206\#350\#264\#247\#346\#236\#266_20260831110653/videos/.bright.mp4.3icT1Q" failed: Operation not permitted (1)
rsync: [receiver] chgrp "/mnt/nas/synnas/ego\#346\#225\#260\#346\#215\#256/baai_ego_task/cp_0001/session_20260826_114012/divide/session_20260826_114012_\#346\#225\#264\#347\#220\#206\#350\#264\#247\#346\#236\#266_20260831110653/videos/.left.mp4.5DKjKR" failed: Operation not permitted (1)
rsync: [receiver] chgrp "/mnt/nas/synnas/ego\#346\#225\#260\#346\#215\#256/baai_ego_task/cp_0001/session_20260826_114012/divide/session_20260826_114012_\#346\#225\#264\#347\#220\#206\#350\#264\#247\#346\#236\#266_20260831110653/videos/.right.mp4.9Vdp9N" failed: Operation not permitted (1)
rsync: [receiver] chgrp "/mnt/nas/synnas/ego\#346\#225\#260\#346\#215\#256/baai_ego_task/cp_0001/session_20260826_114012/divide/session_20260826_114012_\#346\#225\#264\#347\#220\#206\#350\#264\#247\#346\#236\#266_20260831110656/.cut_info.json.8ZcPWU" failed: Operation not permitted (1)
rsync: [receiver] chgrp "/mnt/nas/synnas/ego\#346\#225\#260\#346\#215\#256/baai_ego_task/cp_0001/session_20260826_114012/divide/session_20260826_114012_\#346\#225\#264\#347\#220\#206\#350\#264\#247\#346\#236\#266_20260831110656/.meta.json.QU78Mv" failed: Operation not permitted (1)
rsync: [receiver] chgrp "/mnt/nas/synnas/ego\#346\#225\#260\#346\#215\#256/baai_ego_task/cp_0001/session_20260826_114012/divide/session_20260826_114012_\#346\#225\#264\#347\#220\#206\#350\#264\#247\#346\#236\#266_20260831110656/audio/.audio.wav.YWQPTs" failed: Operation not permitted (1)
rsync: [receiver] chgrp "/mnt/nas/synnas/ego\#346\#225\#260\#346\#215\#256/baai_ego_task/cp_0001/session_20260826_114012/divide/session_20260826_114012_\#346\#225\#264\#347\#220\#206\#350\#264\#247\#346\#236\#266_20260831110656/calibrations/.calibrations.md.AqHnKs" failed: Operation not permitted (1)
rsync: [receiver] chgrp "/mnt/nas/synnas/ego\#346\#225\#260\#346\#215\#256/baai_ego_task/cp_0001/session_20260826_114012/divide/session_20260826_114012_\#346\#225\#264\#347\#220\#206\#350\#264\#247\#346\#236\#266_20260831110656/calibrations/.camera-camchain.yaml.nVVWns" failed: Operation not permitted (1)
rsync: [receiver] chgrp "/mnt/nas/synnas/ego\#346\#225\#260\#346\#215\#256/baai_ego_task/cp_0001/session_20260826_114012/divide/session_20260826_114012_\#346\#225\#264\#347\#220\#206\#350\#264\#247\#346\#236\#266_20260831110656/calibrations/.camera_imu-camchain-imucam.yaml.A19UdC" failed: Operation not permitted (1)
rsync: [receiver] chgrp "/mnt/nas/synnas/ego\#346\#225\#260\#346\#215\#256/baai_ego_task/cp_0001/session_20260826_114012/divide/session_20260826_114012_\#346\#225\#264\#347\#220\#206\#350\#264\#247\#346\#236\#266_20260831110656/calibrations/.camera_imu-imu.yaml.lN9mhA" failed: Operation not permitted (1)
rsync: [receiver] chgrp "/mnt/nas/synnas/ego\#346\#225\#260\#346\#215\#256/baai_ego_task/cp_0001/session_20260826_114012/divide/session_20260826_114012_\#346\#225\#264\#347\#220\#206\#350\#264\#247\#346\#236\#266_20260831110656/imu/.imu0.csv.BjhRDX" failed: Operation not permitted (1)
rsync: [receiver] chgrp "/mnt/nas/synnas/ego\#346\#225\#260\#346\#215\#256/baai_ego_task/cp_0001/session_20260826_114012/divide/session_20260826_114012_\#346\#225\#264\#347\#220\#206\#350\#264\#247\#346\#236\#266_20260831110656/timestamps/.bleft_timestamps.txt.StSiGr" failed: Operation not permitted (1)
rsync: [receiver] chgrp "/mnt/nas/synnas/ego\#346\#225\#260\#346\#215\#256/baai_ego_task/cp_0001/session_20260826_114012/divide/session_20260826_114012_\#346\#225\#264\#347\#220\#206\#350\#264\#247\#346\#236\#266_20260831110656/timestamps/.bright_timestamps.txt.UfgYbE" failed: Operation not permitted (1)
rsync: [receiver] chgrp "/mnt/nas/synnas/ego\#346\#225\#260\#346\#215\#256/baai_ego_task/cp_0001/session_20260826_114012/divide/session_20260826_114012_\#346\#225\#264\#347\#220\#206\#350\#264\#247\#346\#236\#266_20260831110656/timestamps/.left_timestamps.txt.MhGhYX" failed: Operation not permitted (1)
rsync: [receiver] chgrp "/mnt/nas/synnas/ego\#346\#225\#260\#346\#215\#256/baai_ego_task/cp_0001/session_20260826_114012/divide/session_20260826_114012_\#346\#225\#264\#347\#220\#206\#350\#264\#247\#346\#236\#266_20260831110656/timestamps/.right_timestamps.txt.PWnEiX" failed: Operation not permitted (1)
rsync: [receiver] chgrp "/mnt/nas/synnas/ego\#346\#225\#260\#346\#215\#256/baai_ego_task/cp_0001/session_20260826_114012/divide/session_20260826_114012_\#346\#225\#264\#347\#220\#206\#350\#264\#247\#346\#236\#266_20260831110656/videos/.bleft.mp4.AnsMwT" failed: Operation not permitted (1)
rsync: [receiver] chgrp "/mnt/nas/synnas/ego\#346\#225\#260\#346\#215\#256/baai_ego_task/cp_0001/session_20260826_114012/divide/session_20260826_114012_\#346\#225\#264\#347\#220\#206\#350\#264\#247\#346\#236\#266_20260831110656/videos/.bright.mp4.YIGnqX" failed: Operation not permitted (1)
rsync: [receiver] chgrp "/mnt/nas/synnas/ego\#346\#225\#260\#346\#215\#256/baai_ego_task/cp_0001/session_20260826_114012/divide/session_20260826_114012_\#346\#225\#264\#347\#220\#206\#350\#264\#247\#346\#236\#266_20260831110656/videos/.left.mp4.l85UKp" failed: Operation not permitted (1)
rsync: [receiver] chgrp "/mnt/nas/synnas/ego\#346\#225\#260\#346\#215\#256/baai_ego_task/cp_0001/session_20260826_114012/divide/session_20260826_114012_\#346\#225\#264\#347\#220\#206\#350\#264\#247\#346\#236\#266_20260831110656/videos/.right.mp4.VGgWuq" failed: Operation not permitted (1)
rsync: [receiver] chgrp "/mnt/nas/synnas/ego\#346\#225\#260\#346\#215\#256/baai_ego_task/cp_0001/session_20260826_114012/divide/session_20260826_114012_\#346\#225\#264\#347\#220\#206\#350\#264\#247\#346\#236\#266_20260831110657/.cut_info.json.5hxQKC" failed: Operation not permitted (1)
rsync: [receiver] chgrp "/mnt/nas/synnas/ego\#346\#225\#260\#346\#215\#256/baai_ego_task/cp_0001/session_20260826_114012/divide/session_20260826_114012_\#346\#225\#264\#347\#220\#206\#350\#264\#247\#346\#236\#266_20260831110657/.meta.json.frlScE" failed: Operation not permitted (1)
rsync: [receiver] chgrp "/mnt/nas/synnas/ego\#346\#225\#260\#346\#215\#256/baai_ego_task/cp_0001/session_20260826_114012/divide/session_20260826_114012_\#346\#225\#264\#347\#220\#206\#350\#264\#247\#346\#236\#266_20260831110657/audio/.audio.wav.BW0Bxo" failed: Operation not permitted (1)
rsync: [receiver] chgrp "/mnt/nas/synnas/ego\#346\#225\#260\#346\#215\#256/baai_ego_task/cp_0001/session_20260826_114012/divide/session_20260826_114012_\#346\#225\#264\#347\#220\#206\#350\#264\#247\#346\#236\#266_20260831110657/calibrations/.calibrations.md.b30o78" failed: Operation not permitted (1)
rsync: [receiver] chgrp "/mnt/nas/synnas/ego\#346\#225\#260\#346\#215\#256/baai_ego_task/cp_0001/session_20260826_114012/divide/session_20260826_114012_\#346\#225\#264\#347\#220\#206\#350\#264\#247\#346\#236\#266_20260831110657/calibrations/.camera-camchain.yaml.H2KVNT" failed: Operation not permitted (1)
rsync: [receiver] chgrp "/mnt/nas/synnas/ego\#346\#225\#260\#346\#215\#256/baai_ego_task/cp_0001/session_20260826_114012/divide/session_20260826_114012_\#346\#225\#264\#347\#220\#206\#350\#264\#247\#346\#236\#266_20260831110657/calibrations/.camera_imu-camchain-imucam.yaml.dcfRnh" failed: Operation not permitted (1)
rsync: [receiver] chgrp "/mnt/nas/synnas/ego\#346\#225\#260\#346\#215\#256/baai_ego_task/cp_0001/session_20260826_114012/divide/session_20260826_114012_\#346\#225\#264\#347\#220\#206\#350\#264\#247\#346\#236\#266_20260831110657/calibrations/.camera_imu-imu.yaml.JBxgqj" failed: Operation not permitted (1)
rsync: [receiver] chgrp "/mnt/nas/synnas/ego\#346\#225\#260\#346\#215\#256/baai_ego_task/cp_0001/session_20260826_114012/divide/session_20260826_114012_\#346\#225\#264\#347\#220\#206\#350\#264\#247\#346\#236\#266_20260831110657/imu/.imu0.csv.xfomLb" failed: Operation not permitted (1)
rsync: [receiver] chgrp "/mnt/nas/synnas/ego\#346\#225\#260\#346\#215\#256/baai_ego_task/cp_0001/session_20260826_114012/divide/session_20260826_114012_\#346\#225\#264\#347\#220\#206\#350\#264\#247\#346\#236\#266_20260831110657/timestamps/.bleft_timestamps.txt.imAFIh" failed: Operation not permitted (1)
rsync: [receiver] chgrp "/mnt/nas/synnas/ego\#346\#225\#260\#346\#215\#256/baai_ego_task/cp_0001/session_20260826_114012/divide/session_20260826_114012_\#346\#225\#264\#347\#220\#206\#350\#264\#247\#346\#236\#266_20260831110657/timestamps/.bright_timestamps.txt.swYBSa" failed: Operation not permitted (1)
rsync: [receiver] chgrp "/mnt/nas/synnas/ego\#346\#225\#260\#346\#215\#256/baai_ego_task/cp_0001/session_20260826_114012/divide/session_20260826_114012_\#346\#225\#264\#347\#220\#206\#350\#264\#247\#346\#236\#266_20260831110657/timestamps/.left_timestamps.txt.3IdSNy" failed: Operation not permitted (1)
rsync: [receiver] chgrp "/mnt/nas/synnas/ego\#346\#225\#260\#346\#215\#256/baai_ego_task/cp_0001/session_20260826_114012/divide/session_20260826_114012_\#346\#225\#264\#347\#220\#206\#350\#264\#247\#346\#236\#266_20260831110657/timestamps/.right_timestamps.txt.qDKGjN" failed: Operation not permitted (1)
rsync: [receiver] chgrp "/mnt/nas/synnas/ego\#346\#225\#260\#346\#215\#256/baai_ego_task/cp_0001/session_20260826_114012/divide/session_20260826_114012_\#346\#225\#264\#347\#220\#206\#350\#264\#247\#346\#236\#266_20260831110657/videos/.bleft.mp4.No0opz" failed: Operation not permitted (1)
rsync: [receiver] chgrp "/mnt/nas/synnas/ego\#346\#225\#260\#346\#215\#256/baai_ego_task/cp_0001/session_20260826_114012/divide/session_20260826_114012_\#346\#225\#264\#347\#220\#206\#350\#264\#247\#346\#236\#266_20260831110657/videos/.bright.mp4.kGRDMt" failed: Operation not permitted (1)
rsync: [receiver] chgrp "/mnt/nas/synnas/ego\#346\#225\#260\#346\#215\#256/baai_ego_task/cp_0001/session_20260826_114012/divide/session_20260826_114012_\#346\#225\#264\#347\#220\#206\#350\#264\#247\#346\#236\#266_20260831110657/videos/.left.mp4.9vGAkK" failed: Operation not permitted (1)
rsync: [receiver] chgrp "/mnt/nas/synnas/ego\#346\#225\#260\#346\#215\#256/baai_ego_task/cp_0001/session_20260826_114012/divide/session_20260826_114012_\#346\#225\#264\#347\#220\#206\#350\#264\#247\#346\#236\#266_20260831110657/videos/.right.mp4.YaaGIh" failed: Operation not permitted (1)
rsync: [receiver] chgrp "/mnt/nas/synnas/ego\#346\#225\#260\#346\#215\#256/baai_ego_task/cp_0001/session_20260826_114012/divide/session_20260826_114012_\#346\#225\#264\#347\#220\#206\#350\#264\#247\#346\#236\#266_20260831110658/.cut_info.json.k6S8x3" failed: Operation not permitted (1)
rsync: [receiver] chgrp "/mnt/nas/synnas/ego\#346\#225\#260\#346\#215\#256/baai_ego_task/cp_0001/session_20260826_114012/divide/session_20260826_114012_\#346\#225\#264\#347\#220\#206\#350\#264\#247\#346\#236\#266_20260831110658/.meta.json.87NgWn" failed: Operation not permitted (1)
rsync: [receiver] chgrp "/mnt/nas/synnas/ego\#346\#225\#260\#346\#215\#256/baai_ego_task/cp_0001/session_20260826_114012/divide/session_20260826_114012_\#346\#225\#264\#347\#220\#206\#350\#264\#247\#346\#236\#266_20260831110658/audio/.audio.wav.8laRzu" failed: Operation not permitted (1)
rsync: [receiver] chgrp "/mnt/nas/synnas/ego\#346\#225\#260\#346\#215\#256/baai_ego_task/cp_0001/session_20260826_114012/divide/session_20260826_114012_\#346\#225\#264\#347\#220\#206\#350\#264\#247\#346\#236\#266_20260831110658/calibrations/.calibrations.md.ETXu2P" failed: Operation not permitted (1)
rsync: [receiver] chgrp "/mnt/nas/synnas/ego\#346\#225\#260\#346\#215\#256/baai_ego_task/cp_0001/session_20260826_114012/divide/session_20260826_114012_\#346\#225\#264\#347\#220\#206\#350\#264\#247\#346\#236\#266_20260831110658/calibrations/.camera-camchain.yaml.9GKeWe" failed: Operation not permitted (1)
rsync: [receiver] chgrp "/mnt/nas/synnas/ego\#346\#225\#260\#346\#215\#256/baai_ego_task/cp_0001/session_20260826_114012/divide/session_20260826_114012_\#346\#225\#264\#347\#220\#206\#350\#264\#247\#346\#236\#266_20260831110658/calibrations/.camera_imu-camchain-imucam.yaml.wotOR5" failed: Operation not permitted (1)
rsync: [receiver] chgrp "/mnt/nas/synnas/ego\#346\#225\#260\#346\#215\#256/baai_ego_task/cp_0001/session_20260826_114012/divide/session_20260826_114012_\#346\#225\#264\#347\#220\#206\#350\#264\#247\#346\#236\#266_20260831110658/calibrations/.camera_imu-imu.yaml.csdlGb" failed: Operation not permitted (1)
rsync: [receiver] chgrp "/mnt/nas/synnas/ego\#346\#225\#260\#346\#215\#256/baai_ego_task/cp_0001/session_20260826_114012/divide/session_20260826_114012_\#346\#225\#264\#347\#220\#206\#350\#264\#247\#346\#236\#266_20260831110658/imu/.imu0.csv.4k9UKQ" failed: Operation not permitted (1)
rsync: [receiver] chgrp "/mnt/nas/synnas/ego\#346\#225\#260\#346\#215\#256/baai_ego_task/cp_0001/session_20260826_114012/divide/session_20260826_114012_\#346\#225\#264\#347\#220\#206\#350\#264\#247\#346\#236\#266_20260831110658/timestamps/.bleft_timestamps.txt.Y1qEaL" failed: Operation not permitted (1)
rsync: [receiver] chgrp "/mnt/nas/synnas/ego\#346\#225\#260\#346\#215\#256/baai_ego_task/cp_0001/session_20260826_114012/divide/session_20260826_114012_\#346\#225\#264\#347\#220\#206\#350\#264\#247\#346\#236\#266_20260831110658/timestamps/.bright_timestamps.txt.asv8G4" failed: Operation not permitted (1)
rsync: [receiver] chgrp "/mnt/nas/synnas/ego\#346\#225\#260\#346\#215\#256/baai_ego_task/cp_0001/session_20260826_114012/divide/session_20260826_114012_\#346\#225\#264\#347\#220\#206\#350\#264\#247\#346\#236\#266_20260831110658/timestamps/.left_timestamps.txt.NfvHlA" failed: Operation not permitted (1)
rsync: [receiver] chgrp "/mnt/nas/synnas/ego\#346\#225\#260\#346\#215\#256/baai_ego_task/cp_0001/session_20260826_114012/divide/session_20260826_114012_\#346\#225\#264\#347\#220\#206\#350\#264\#247\#346\#236\#266_20260831110658/timestamps/.right_timestamps.txt.baR8HZ" failed: Operation not permitted (1)
rsync: [receiver] chgrp "/mnt/nas/synnas/ego\#346\#225\#260\#346\#215\#256/baai_ego_task/cp_0001/session_20260826_114012/divide/session_20260826_114012_\#346\#225\#264\#347\#220\#206\#350\#264\#247\#346\#236\#266_20260831110658/videos/.bleft.mp4.yLWesd" failed: Operation not permitted (1)
rsync: [receiver] chgrp "/mnt/nas/synnas/ego\#346\#225\#260\#346\#215\#256/baai_ego_task/cp_0001/session_20260826_114012/divide/session_20260826_114012_\#346\#225\#264\#347\#220\#206\#350\#264\#247\#346\#236\#266_20260831110658/videos/.bright.mp4.Oyn9sn" failed: Operation not permitted (1)
rsync: [receiver] chgrp "/mnt/nas/synnas/ego\#346\#225\#260\#346\#215\#256/baai_ego_task/cp_0001/session_20260826_114012/divide/session_20260826_114012_\#346\#225\#264\#347\#220\#206\#350\#264\#247\#346\#236\#266_20260831110658/videos/.left.mp4.hBBtEQ" failed: Operation not permitted (1)
rsync: [receiver] chgrp "/mnt/nas/synnas/ego\#346\#225\#260\#346\#215\#256/baai_ego_task/cp_0001/session_20260826_114012/divide/session_20260826_114012_\#346\#225\#264\#347\#220\#206\#350\#264\#247\#346\#236\#266_20260831110658/videos/.right.mp4.sOoVeh" failed: Operation not permitted (1)
rsync: [receiver] chgrp "/mnt/nas/synnas/ego\#346\#225\#260\#346\#215\#256/baai_ego_task/cp_0001/session_20260826_114012/divide/session_20260826_114012_\#346\#225\#264\#347\#220\#206\#350\#264\#247\#346\#236\#266_20260831140401/.cut_info.json.4s0Ev4" failed: Operation not permitted (1)
rsync: [receiver] chgrp "/mnt/nas/synnas/ego\#346\#225\#260\#346\#215\#256/baai_ego_task/cp_0001/session_20260826_114012/divide/session_20260826_114012_\#346\#225\#264\#347\#220\#206\#350\#264\#247\#346\#236\#266_20260831140401/.meta.json.lUP5zb" failed: Operation not permitted (1)
rsync: [receiver] chgrp "/mnt/nas/synnas/ego\#346\#225\#260\#346\#215\#256/baai_ego_task/cp_0001/session_20260826_114012/divide/session_20260826_114012_\#346\#225\#264\#347\#220\#206\#350\#264\#247\#346\#236\#266_20260831140401/audio/.audio.wav.6OGNme" failed: Operation not permitted (1)
rsync: [receiver] chgrp "/mnt/nas/synnas/ego\#346\#225\#260\#346\#215\#256/baai_ego_task/cp_0001/session_20260826_114012/divide/session_20260826_114012_\#346\#225\#264\#347\#220\#206\#350\#264\#247\#346\#236\#266_20260831140401/calibrations/.calibrations.md.LgQfKT" failed: Operation not permitted (1)
rsync: [receiver] chgrp "/mnt/nas/synnas/ego\#346\#225\#260\#346\#215\#256/baai_ego_task/cp_0001/session_20260826_114012/divide/session_20260826_114012_\#346\#225\#264\#347\#220\#206\#350\#264\#247\#346\#236\#266_20260831140401/calibrations/.camera-camchain.yaml.LTzdGG" failed: Operation not permitted (1)
rsync: [receiver] chgrp "/mnt/nas/synnas/ego\#346\#225\#260\#346\#215\#256/baai_ego_task/cp_0001/session_20260826_114012/divide/session_20260826_114012_\#346\#225\#264\#347\#220\#206\#350\#264\#247\#346\#236\#266_20260831140401/calibrations/.camera_imu-camchain-imucam.yaml.jIZwMn" failed: Operation not permitted (1)
rsync: [receiver] chgrp "/mnt/nas/synnas/ego\#346\#225\#260\#346\#215\#256/baai_ego_task/cp_0001/session_20260826_114012/divide/session_20260826_114012_\#346\#225\#264\#347\#220\#206\#350\#264\#247\#346\#236\#266_20260831140401/calibrations/.camera_imu-imu.yaml.JPs2iJ" failed: Operation not permitted (1)
rsync: [receiver] chgrp "/mnt/nas/synnas/ego\#346\#225\#260\#346\#215\#256/baai_ego_task/cp_0001/session_20260826_114012/divide/session_20260826_114012_\#346\#225\#264\#347\#220\#206\#350\#264\#247\#346\#236\#266_20260831140401/imu/.imu0.csv.jRN5yr" failed: Operation not permitted (1)
rsync: [receiver] chgrp "/mnt/nas/synnas/ego\#346\#225\#260\#346\#215\#256/baai_ego_task/cp_0001/session_20260826_114012/divide/session_20260826_114012_\#346\#225\#264\#347\#220\#206\#350\#264\#247\#346\#236\#266_20260831140401/timestamps/.bleft_timestamps.txt.zp4570" failed: Operation not permitted (1)
rsync: [receiver] chgrp "/mnt/nas/synnas/ego\#346\#225\#260\#346\#215\#256/baai_ego_task/cp_0001/session_20260826_114012/divide/session_20260826_114012_\#346\#225\#264\#347\#220\#206\#350\#264\#247\#346\#236\#266_20260831140401/timestamps/.bright_timestamps.txt.KyruXo" failed: Operation not permitted (1)
rsync: [receiver] chgrp "/mnt/nas/synnas/ego\#346\#225\#260\#346\#215\#256/baai_ego_task/cp_0001/session_20260826_114012/divide/session_20260826_114012_\#346\#225\#264\#347\#220\#206\#350\#264\#247\#346\#236\#266_20260831140401/timestamps/.left_timestamps.txt.qKpIPb" failed: Operation not permitted (1)
rsync: [receiver] chgrp "/mnt/nas/synnas/ego\#346\#225\#260\#346\#215\#256/baai_ego_task/cp_0001/session_20260826_114012/divide/session_20260826_114012_\#346\#225\#264\#347\#220\#206\#350\#264\#247\#346\#236\#266_20260831140401/timestamps/.right_timestamps.txt.FNW0Wg" failed: Operation not permitted (1)
rsync: [receiver] chgrp "/mnt/nas/synnas/ego\#346\#225\#260\#346\#215\#256/baai_ego_task/cp_0001/session_20260826_114012/divide/session_20260826_114012_\#346\#225\#264\#347\#220\#206\#350\#264\#247\#346\#236\#266_20260831140401/videos/.bleft.mp4.3mkMun" failed: Operation not permitted (1)
rsync: [receiver] chgrp "/mnt/nas/synnas/ego\#346\#225\#260\#346\#215\#256/baai_ego_task/cp_0001/session_20260826_114012/divide/session_20260826_114012_\#346\#225\#264\#347\#220\#206\#350\#264\#247\#346\#236\#266_20260831140401/videos/.bright.mp4.MQvg40" failed: Operation not permitted (1)
rsync: [receiver] chgrp "/mnt/nas/synnas/ego\#346\#225\#260\#346\#215\#256/baai_ego_task/cp_0001/session_20260826_114012/divide/session_20260826_114012_\#346\#225\#264\#347\#220\#206\#350\#264\#247\#346\#236\#266_20260831140401/videos/.left.mp4.MmzVR0" failed: Operation not permitted (1)
rsync: [receiver] chgrp "/mnt/nas/synnas/ego\#346\#225\#260\#346\#215\#256/baai_ego_task/cp_0001/session_20260826_114012/divide/session_20260826_114012_\#346\#225\#264\#347\#220\#206\#350\#264\#247\#346\#236\#266_20260831140401/videos/.right.mp4.zZEa3L" failed: Operation not permitted (1)
rsync: [receiver] chgrp "/mnt/nas/synnas/ego\#346\#225\#260\#346\#215\#256/baai_ego_task/cp_0001/session_20260826_114012/divide/session_20260826_114012_\#346\#225\#264\#347\#220\#206\#350\#264\#247\#346\#236\#266_20260831140405/.cut_info.json.OOjidc" failed: Operation not permitted (1)
rsync: [receiver] chgrp "/mnt/nas/synnas/ego\#346\#225\#260\#346\#215\#256/baai_ego_task/cp_0001/session_20260826_114012/divide/session_20260826_114012_\#346\#225\#264\#347\#220\#206\#350\#264\#247\#346\#236\#266_20260831140405/.meta.json.p8HV0S" failed: Operation not permitted (1)
rsync: [receiver] chgrp "/mnt/nas/synnas/ego\#346\#225\#260\#346\#215\#256/baai_ego_task/cp_0001/session_20260826_114012/divide/session_20260826_114012_\#346\#225\#264\#347\#220\#206\#350\#264\#247\#346\#236\#266_20260831140405/audio/.audio.wav.4loVeX" failed: Operation not permitted (1)
rsync: [receiver] chgrp "/mnt/nas/synnas/ego\#346\#225\#260\#346\#215\#256/baai_ego_task/cp_0001/session_20260826_114012/divide/session_20260826_114012_\#346\#225\#264\#347\#220\#206\#350\#264\#247\#346\#236\#266_20260831140405/calibrations/.calibrations.md.CAbiFb" failed: Operation not permitted (1)
rsync: [receiver] chgrp "/mnt/nas/synnas/ego\#346\#225\#260\#346\#215\#256/baai_ego_task/cp_0001/session_20260826_114012/divide/session_20260826_114012_\#346\#225\#264\#347\#220\#206\#350\#264\#247\#346\#236\#266_20260831140405/calibrations/.camera-camchain.yaml.KaNs40" failed: Operation not permitted (1)
rsync: [receiver] chgrp "/mnt/nas/synnas/ego\#346\#225\#260\#346\#215\#256/baai_ego_task/cp_0001/session_20260826_114012/divide/session_20260826_114012_\#346\#225\#264\#347\#220\#206\#350\#264\#247\#346\#236\#266_20260831140405/calibrations/.camera_imu-camchain-imucam.yaml.xtXrKz" failed: Operation not permitted (1)
rsync: [receiver] chgrp "/mnt/nas/synnas/ego\#346\#225\#260\#346\#215\#256/baai_ego_task/cp_0001/session_20260826_114012/divide/session_20260826_114012_\#346\#225\#264\#347\#220\#206\#350\#264\#247\#346\#236\#266_20260831140405/calibrations/.camera_imu-imu.yaml.jXAZET" failed: Operation not permitted (1)
rsync: [receiver] chgrp "/mnt/nas/synnas/ego\#346\#225\#260\#346\#215\#256/baai_ego_task/cp_0001/session_20260826_114012/divide/session_20260826_114012_\#346\#225\#264\#347\#220\#206\#350\#264\#247\#346\#236\#266_20260831140405/imu/.imu0.csv.LWYQBi" failed: Operation not permitted (1)
rsync: [receiver] chgrp "/mnt/nas/synnas/ego\#346\#225\#260\#346\#215\#256/baai_ego_task/cp_0001/session_20260826_114012/divide/session_20260826_114012_\#346\#225\#264\#347\#220\#206\#350\#264\#247\#346\#236\#266_20260831140405/timestamps/.bleft_timestamps.txt.UPW5nL" failed: Operation not permitted (1)
rsync: [receiver] chgrp "/mnt/nas/synnas/ego\#346\#225\#260\#346\#215\#256/baai_ego_task/cp_0001/session_20260826_114012/divide/session_20260826_114012_\#346\#225\#264\#347\#220\#206\#350\#264\#247\#346\#236\#266_20260831140405/timestamps/.bright_timestamps.txt.FtXyRW" failed: Operation not permitted (1)
rsync: [receiver] chgrp "/mnt/nas/synnas/ego\#346\#225\#260\#346\#215\#256/baai_ego_task/cp_0001/session_20260826_114012/divide/session_20260826_114012_\#346\#225\#264\#347\#220\#206\#350\#264\#247\#346\#236\#266_20260831140405/timestamps/.left_timestamps.txt.l24VgO" failed: Operation not permitted (1)
rsync: [receiver] chgrp "/mnt/nas/synnas/ego\#346\#225\#260\#346\#215\#256/baai_ego_task/cp_0001/session_20260826_114012/divide/session_20260826_114012_\#346\#225\#264\#347\#220\#206\#350\#264\#247\#346\#236\#266_20260831140405/timestamps/.right_timestamps.txt.3yvoRF" failed: Operation not permitted (1)
rsync: [receiver] chgrp "/mnt/nas/synnas/ego\#346\#225\#260\#346\#215\#256/baai_ego_task/cp_0001/session_20260826_114012/divide/session_20260826_114012_\#346\#225\#264\#347\#220\#206\#350\#264\#247\#346\#236\#266_20260831140405/videos/.bleft.mp4.Y3KPTd" failed: Operation not permitted (1)
rsync: [receiver] chgrp "/mnt/nas/synnas/ego\#346\#225\#260\#346\#215\#256/baai_ego_task/cp_0001/session_20260826_114012/divide/session_20260826_114012_\#346\#225\#264\#347\#220\#206\#350\#264\#247\#346\#236\#266_20260831140405/videos/.bright.mp4.0TrhLx" failed: Operation not permitted (1)
rsync: [receiver] chgrp "/mnt/nas/synnas/ego\#346\#225\#260\#346\#215\#256/baai_ego_task/cp_0001/session_20260826_114012/divide/session_20260826_114012_\#346\#225\#264\#347\#220\#206\#350\#264\#247\#346\#236\#266_20260831140405/videos/.left.mp4.rfCIAH" failed: Operation not permitted (1)
rsync: [receiver] chgrp "/mnt/nas/synnas/ego\#346\#225\#260\#346\#215\#256/baai_ego_task/cp_0001/session_20260826_114012/divide/session_20260826_114012_\#346\#225\#264\#347\#220\#206\#350\#264\#247\#346\#236\#266_20260831140405/videos/.right.mp4.FFG011" failed: Operation not permitted (1)
rsync: [receiver] chgrp "/mnt/nas/synnas/ego\#346\#225\#260\#346\#215\#256/baai_ego_task/cp_0001/session_20260826_114012/divide/session_20260826_114012_\#346\#225\#264\#347\#220\#206\#350\#264\#247\#346\#236\#266_20260831140409/.cut_info.json.YPnoyi" failed: Operation not permitted (1)
rsync: [receiver] chgrp "/mnt/nas/synnas/ego\#346\#225\#260\#346\#215\#256/baai_ego_task/cp_0001/session_20260826_114012/divide/session_20260826_114012_\#346\#225\#264\#347\#220\#206\#350\#264\#247\#346\#236\#266_20260831140409/.meta.json.xi88cv" failed: Operation not permitted (1)
rsync error: received SIGINT, SIGTERM, or SIGHUP (code 20) at io.c(519) [generator=3.2.7]
rsync error: received SIGINT, SIGTERM, or SIGHUP (code 20) at rsync.c(716) [sender=3.2.7]
=== restart 2026-08-31 18:59:04 (no-owner no-group) ===
SRC=/media/adminpc1/新加卷K/baai_ego_task
DST=/mnt/nas/synnas/ego数据/baai_ego_task


[18:59:05] rsync cp_0001/session_20260826_100651/divide/good  (4 cuts) -> /mnt/nas/synnas/ego数据/baai_ego_task/cp_0001/session_20260826_100651/divide

Number of files: 89 (reg: 64, dir: 25)
Number of created files: 0
Number of deleted files: 0
Number of regular files transferred: 0
Total file size: 3,232,715,743 bytes
Total transferred file size: 0 bytes
Literal data: 0 bytes
Matched data: 0 bytes
File list size: 0
File list generation time: 0.001 seconds
File list transfer time: 0.000 seconds
Total bytes sent: 2,794
Total bytes received: 36

sent 2,794 bytes  received 36 bytes  5,660.00 bytes/sec
total size is 3,232,715,743  speedup is 1,142,302.38
[18:59:05] OK cp_0001/session_20260826_100651/divide/good

[18:59:05] rsync cp_0001/session_20260826_114012/divide/good  (10 cuts) -> /mnt/nas/synnas/ego数据/baai_ego_task/cp_0001/session_20260826_114012/divide

Number of files: 221 (reg: 160, dir: 61)
Number of created files: 61 (reg: 61)
Number of deleted files: 0
Number of regular files transferred: 160
Total file size: 8,036,932,301 bytes
Total transferred file size: 8,036,932,301 bytes
Literal data: 8,036,932,301 bytes
Matched data: 0 bytes
File list size: 0
File list generation time: 0.001 seconds
File list transfer time: 0.000 seconds
Total bytes sent: 8,038,907,799
Total bytes received: 3,349

sent 8,038,907,799 bytes  received 3,349 bytes  86,907,147.55 bytes/sec
total size is 8,036,932,301  speedup is 1.00
[19:00:37] OK cp_0001/session_20260826_114012/divide/good

[19:00:37] rsync cp_0002/session_20260826_095358/divide/good  (10 cuts) -> /mnt/nas/synnas/ego数据/baai_ego_task/cp_0002/session_20260826_095358/divide

Number of files: 221 (reg: 160, dir: 61)
Number of created files: 220 (reg: 160, dir: 60)
Number of deleted files: 0
Number of regular files transferred: 160
Total file size: 18,156,875,635 bytes
Total transferred file size: 18,156,875,635 bytes
Literal data: 18,156,875,635 bytes
Matched data: 0 bytes
File list size: 0
File list generation time: 0.001 seconds
File list transfer time: 0.000 seconds
Total bytes sent: 18,161,322,318
Total bytes received: 3,467

sent 18,161,322,318 bytes  received 3,467 bytes  80,896,774.10 bytes/sec
total size is 18,156,875,635  speedup is 1.00
[19:04:21] OK cp_0002/session_20260826_095358/divide/good

[19:04:21] rsync cp_0002/session_20260826_105339/divide/good  (12 cuts) -> /mnt/nas/synnas/ego数据/baai_ego_task/cp_0002/session_20260826_105339/divide

Number of files: 265 (reg: 192, dir: 73)
Number of created files: 264 (reg: 192, dir: 72)
Number of deleted files: 0
Number of regular files transferred: 192
Total file size: 15,123,638,828 bytes
Total transferred file size: 15,123,638,828 bytes
Literal data: 15,123,638,828 bytes
Matched data: 0 bytes
File list size: 0
File list generation time: 0.001 seconds
File list transfer time: 0.000 seconds
Total bytes sent: 15,127,347,521
Total bytes received: 4,151

sent 15,127,347,521 bytes  received 4,151 bytes  77,775,587.00 bytes/sec
total size is 15,123,638,828  speedup is 1.00
[19:07:35] OK cp_0002/session_20260826_105339/divide/good

[19:07:35] rsync cp_0002/session_20260826_124208/divide/good  (7 cuts) -> /mnt/nas/synnas/ego数据/baai_ego_task/cp_0002/session_20260826_124208/divide

Number of files: 155 (reg: 112, dir: 43)
Number of created files: 154 (reg: 112, dir: 42)
Number of deleted files: 0
Number of regular files transferred: 112
Total file size: 10,675,192,145 bytes
Total transferred file size: 10,675,192,145 bytes
Literal data: 10,675,192,145 bytes
Matched data: 0 bytes
File list size: 0
File list generation time: 0.001 seconds
File list transfer time: 0.000 seconds
Total bytes sent: 10,677,808,070
Total bytes received: 2,431

sent 10,677,808,070 bytes  received 2,431 bytes  68,667,591.65 bytes/sec
total size is 10,675,192,145  speedup is 1.00
[19:10:10] OK cp_0002/session_20260826_124208/divide/good

[19:10:10] rsync cp_0002/session_20260826_130715/divide/good  (8 cuts) -> /mnt/nas/synnas/ego数据/baai_ego_task/cp_0002/session_20260826_130715/divide

Number of files: 177 (reg: 128, dir: 49)
Number of created files: 176 (reg: 128, dir: 48)
Number of deleted files: 0
Number of regular files transferred: 128
Total file size: 12,681,244,644 bytes
Total transferred file size: 12,681,244,644 bytes
Literal data: 12,681,244,644 bytes
Matched data: 0 bytes
File list size: 0
File list generation time: 0.001 seconds
File list transfer time: 0.000 seconds
Total bytes sent: 12,684,351,641
Total bytes received: 2,775

sent 12,684,351,641 bytes  received 2,775 bytes  71,060,809.05 bytes/sec
total size is 12,681,244,644  speedup is 1.00
[19:13:08] OK cp_0002/session_20260826_130715/divide/good
[skip empty] cp_0002/session_20260826_135633/divide/good

[19:13:08] rsync cp_0005/session_20260826_102423/divide/good  (18 cuts) -> /mnt/nas/synnas/ego数据/baai_ego_task/cp_0005/session_20260826_102423/divide

Number of files: 397 (reg: 288, dir: 109)
Number of created files: 396 (reg: 288, dir: 108)
Number of deleted files: 0
Number of regular files transferred: 288
Total file size: 7,200,533,274 bytes
Total transferred file size: 7,200,533,274 bytes
Literal data: 7,200,533,274 bytes
Matched data: 0 bytes
File list size: 0
File list generation time: 0.001 seconds
File list transfer time: 0.000 seconds
Total bytes sent: 7,202,316,064
Total bytes received: 6,227

sent 7,202,316,064 bytes  received 6,227 bytes  75,416,987.34 bytes/sec
total size is 7,200,533,274  speedup is 1.00
[19:14:43] OK cp_0005/session_20260826_102423/divide/good

[19:14:43] rsync cp_0005/session_20260826_112049/divide/good  (11 cuts) -> /mnt/nas/synnas/ego数据/baai_ego_task/cp_0005/session_20260826_112049/divide

Number of files: 243 (reg: 176, dir: 67)
Number of created files: 242 (reg: 176, dir: 66)
Number of deleted files: 0
Number of regular files transferred: 176
Total file size: 3,420,222,991 bytes
Total transferred file size: 3,420,222,991 bytes
Literal data: 3,420,222,991 bytes
Matched data: 0 bytes
File list size: 0
File list generation time: 0.001 seconds
File list transfer time: 0.000 seconds
Total bytes sent: 3,421,073,047
Total bytes received: 3,811

sent 3,421,073,047 bytes  received 3,811 bytes  76,878,131.64 bytes/sec
total size is 3,420,222,991  speedup is 1.00
[19:15:27] OK cp_0005/session_20260826_112049/divide/good

[19:15:27] rsync cp_0005/session_20260826_120225/divide/good  (8 cuts) -> /mnt/nas/synnas/ego数据/baai_ego_task/cp_0005/session_20260826_120225/divide

Number of files: 177 (reg: 128, dir: 49)
Number of created files: 176 (reg: 128, dir: 48)
Number of deleted files: 0
Number of regular files transferred: 128
Total file size: 3,072,785,017 bytes
Total transferred file size: 3,072,785,017 bytes
Literal data: 3,072,785,017 bytes
Matched data: 0 bytes
File list size: 0
File list generation time: 0.001 seconds
File list transfer time: 0.000 seconds
Total bytes sent: 3,073,546,249
Total bytes received: 2,771

sent 3,073,546,249 bytes  received 2,771 bytes  75,890,099.26 bytes/sec
total size is 3,072,785,017  speedup is 1.00
[19:16:07] OK cp_0005/session_20260826_120225/divide/good

[19:16:07] rsync cp_0005/session_20260826_140904/divide/good  (15 cuts) -> /mnt/nas/synnas/ego数据/baai_ego_task/cp_0005/session_20260826_140904/divide

Number of files: 331 (reg: 240, dir: 91)
Number of created files: 330 (reg: 240, dir: 90)
Number of deleted files: 0
Number of regular files transferred: 240
Total file size: 7,102,154,731 bytes
Total transferred file size: 7,102,154,731 bytes
Literal data: 7,102,154,731 bytes
Matched data: 0 bytes
File list size: 0
File list generation time: 0.001 seconds
File list transfer time: 0.000 seconds
Total bytes sent: 7,103,908,943
Total bytes received: 5,195

sent 7,103,908,943 bytes  received 5,195 bytes  78,496,288.82 bytes/sec
total size is 7,102,154,731  speedup is 1.00
[19:17:37] OK cp_0005/session_20260826_140904/divide/good

[19:17:37] rsync cp_0006/session_20260826_110120/divide/good  (13 cuts) -> /mnt/nas/synnas/ego数据/baai_ego_task/cp_0006/session_20260826_110120/divide

Number of files: 287 (reg: 208, dir: 79)
Number of created files: 286 (reg: 208, dir: 78)
Number of deleted files: 0
Number of regular files transferred: 208
Total file size: 16,652,985,605 bytes
Total transferred file size: 16,652,985,605 bytes
Literal data: 16,652,985,605 bytes
Matched data: 0 bytes
File list size: 0
File list generation time: 0.001 seconds
File list transfer time: 0.000 seconds
Total bytes sent: 16,657,068,976
Total bytes received: 4,499

sent 16,657,068,976 bytes  received 4,499 bytes  60,242,580.38 bytes/sec
total size is 16,652,985,605  speedup is 1.00
[19:22:13] OK cp_0006/session_20260826_110120/divide/good

[19:22:13] rsync cp_0006/session_20260826_121434/divide/good  (10 cuts) -> /mnt/nas/synnas/ego数据/baai_ego_task/cp_0006/session_20260826_121434/divide

Number of files: 221 (reg: 160, dir: 61)
Number of created files: 220 (reg: 160, dir: 60)
Number of deleted files: 0
Number of regular files transferred: 160
Total file size: 14,377,895,977 bytes
Total transferred file size: 14,377,895,977 bytes
Literal data: 14,377,895,977 bytes
Matched data: 0 bytes
File list size: 0
File list generation time: 0.003 seconds
File list transfer time: 0.000 seconds
Total bytes sent: 14,381,419,844
Total bytes received: 3,467

sent 14,381,419,844 bytes  received 3,467 bytes  60,553,361.31 bytes/sec
total size is 14,377,895,977  speedup is 1.00
[19:26:10] OK cp_0006/session_20260826_121434/divide/good

=== finished 2026-08-31 19:26:10 ===

=== catch-up 2026-08-31 19:26:55 ===

[19:26:56] rsync cp_0001/session_20260826_100651/divide/good  (4 cuts) -> /mnt/nas/synnas/ego数据/baai_ego_task/cp_0001/session_20260826_100651/divide

Number of files: 89 (reg: 64, dir: 25)
Number of created files: 0
Number of deleted files: 0
Number of regular files transferred: 0
Total file size: 3,232,715,743 bytes
Total transferred file size: 0 bytes
Literal data: 0 bytes
Matched data: 0 bytes
File list size: 0
File list generation time: 0.001 seconds
File list transfer time: 0.000 seconds
Total bytes sent: 2,794
Total bytes received: 36

sent 2,794 bytes  received 36 bytes  5,660.00 bytes/sec
total size is 3,232,715,743  speedup is 1,142,302.38
[19:26:56] OK cp_0001/session_20260826_100651/divide/good

[19:26:56] rsync cp_0001/session_20260826_114012/divide/good  (10 cuts) -> /mnt/nas/synnas/ego数据/baai_ego_task/cp_0001/session_20260826_114012/divide

Number of files: 221 (reg: 160, dir: 61)
Number of created files: 0
Number of deleted files: 0
Number of regular files transferred: 0
Total file size: 8,036,932,301 bytes
Total transferred file size: 0 bytes
Literal data: 0 bytes
Matched data: 0 bytes
File list size: 0
File list generation time: 0.001 seconds
File list transfer time: 0.000 seconds
Total bytes sent: 6,837
Total bytes received: 72

sent 6,837 bytes  received 72 bytes  13,818.00 bytes/sec
total size is 8,036,932,301  speedup is 1,163,255.51
[19:26:56] OK cp_0001/session_20260826_114012/divide/good

[19:26:56] rsync cp_0001/session_20260826_145558/divide/good  (2 cuts) -> /mnt/nas/synnas/ego数据/baai_ego_task/cp_0001/session_20260826_145558/divide

Number of files: 45 (reg: 32, dir: 13)
Number of created files: 44 (reg: 32, dir: 12)
Number of deleted files: 0
Number of regular files transferred: 32
Total file size: 1,317,940,474 bytes
Total transferred file size: 1,317,940,474 bytes
Literal data: 1,317,940,474 bytes
Matched data: 0 bytes
File list size: 0
File list generation time: 0.001 seconds
File list transfer time: 0.000 seconds
Total bytes sent: 1,318,265,077
Total bytes received: 711

sent 1,318,265,077 bytes  received 711 bytes  75,329,473.60 bytes/sec
total size is 1,317,940,474  speedup is 1.00
[19:27:13] OK cp_0001/session_20260826_145558/divide/good

[19:27:13] rsync cp_0002/session_20260826_095358/divide/good  (10 cuts) -> /mnt/nas/synnas/ego数据/baai_ego_task/cp_0002/session_20260826_095358/divide

Number of files: 221 (reg: 160, dir: 61)
Number of created files: 0
Number of deleted files: 0
Number of regular files transferred: 0
Total file size: 18,156,875,635 bytes
Total transferred file size: 0 bytes
Literal data: 0 bytes
Matched data: 0 bytes
File list size: 0
File list generation time: 0.001 seconds
File list transfer time: 0.000 seconds
Total bytes sent: 7,212
Total bytes received: 72

sent 7,212 bytes  received 72 bytes  14,568.00 bytes/sec
total size is 18,156,875,635  speedup is 2,492,706.70
[19:27:13] OK cp_0002/session_20260826_095358/divide/good

[19:27:13] rsync cp_0002/session_20260826_105339/divide/good  (12 cuts) -> /mnt/nas/synnas/ego数据/baai_ego_task/cp_0002/session_20260826_105339/divide

Number of files: 265 (reg: 192, dir: 73)
Number of created files: 0
Number of deleted files: 0
Number of regular files transferred: 0
Total file size: 15,123,638,828 bytes
Total transferred file size: 0 bytes
Literal data: 0 bytes
Matched data: 0 bytes
File list size: 0
File list generation time: 0.001 seconds
File list transfer time: 0.000 seconds
Total bytes sent: 8,410
Total bytes received: 84

sent 8,410 bytes  received 84 bytes  16,988.00 bytes/sec
total size is 15,123,638,828  speedup is 1,780,508.46
[19:27:13] OK cp_0002/session_20260826_105339/divide/good

[19:27:13] rsync cp_0002/session_20260826_124208/divide/good  (7 cuts) -> /mnt/nas/synnas/ego数据/baai_ego_task/cp_0002/session_20260826_124208/divide

Number of files: 155 (reg: 112, dir: 43)
Number of created files: 0
Number of deleted files: 0
Number of regular files transferred: 0
Total file size: 10,675,192,145 bytes
Total transferred file size: 0 bytes
Literal data: 0 bytes
Matched data: 0 bytes
File list size: 0
File list generation time: 0.001 seconds
File list transfer time: 0.000 seconds
Total bytes sent: 5,024
Total bytes received: 54

sent 5,024 bytes  received 54 bytes  10,156.00 bytes/sec
total size is 10,675,192,145  speedup is 2,102,243.43
[19:27:13] OK cp_0002/session_20260826_124208/divide/good

[19:27:13] rsync cp_0002/session_20260826_130715/divide/good  (8 cuts) -> /mnt/nas/synnas/ego数据/baai_ego_task/cp_0002/session_20260826_130715/divide

Number of files: 177 (reg: 128, dir: 49)
Number of created files: 0
Number of deleted files: 0
Number of regular files transferred: 0
Total file size: 12,681,244,644 bytes
Total transferred file size: 0 bytes
Literal data: 0 bytes
Matched data: 0 bytes
File list size: 0
File list generation time: 0.001 seconds
File list transfer time: 0.000 seconds
Total bytes sent: 5,670
Total bytes received: 60

sent 5,670 bytes  received 60 bytes  11,460.00 bytes/sec
total size is 12,681,244,644  speedup is 2,213,131.70
[19:27:13] OK cp_0002/session_20260826_130715/divide/good
[skip empty] cp_0002/session_20260826_135633/divide/good

[19:27:13] rsync cp_0003/session_20260826_140943/divide/good  (6 cuts) -> /mnt/nas/synnas/ego数据/baai_ego_task/cp_0003/session_20260826_140943/divide

Number of files: 133 (reg: 96, dir: 37)
Number of created files: 132 (reg: 96, dir: 36)
Number of deleted files: 0
Number of regular files transferred: 96
Total file size: 19,752,123,756 bytes
Total transferred file size: 19,752,123,756 bytes
Literal data: 19,752,123,756 bytes
Matched data: 0 bytes
File list size: 0
File list generation time: 0.001 seconds
File list transfer time: 0.000 seconds
Total bytes sent: 19,756,954,237
Total bytes received: 2,087

sent 19,756,954,237 bytes  received 2,087 bytes  75,264,595.52 bytes/sec
total size is 19,752,123,756  speedup is 1.00
[19:31:35] OK cp_0003/session_20260826_140943/divide/good

[19:31:35] rsync cp_0005/session_20260826_102423/divide/good  (18 cuts) -> /mnt/nas/synnas/ego数据/baai_ego_task/cp_0005/session_20260826_102423/divide

Number of files: 397 (reg: 288, dir: 109)
Number of created files: 0
Number of deleted files: 0
Number of regular files transferred: 0
Total file size: 7,200,533,274 bytes
Total transferred file size: 0 bytes
Literal data: 0 bytes
Matched data: 0 bytes
File list size: 0
File list generation time: 0.001 seconds
File list transfer time: 0.000 seconds
Total bytes sent: 12,763
Total bytes received: 120

sent 12,763 bytes  received 120 bytes  25,766.00 bytes/sec
total size is 7,200,533,274  speedup is 558,917.43
[19:31:36] OK cp_0005/session_20260826_102423/divide/good

[19:31:36] rsync cp_0005/session_20260826_112049/divide/good  (11 cuts) -> /mnt/nas/synnas/ego数据/baai_ego_task/cp_0005/session_20260826_112049/divide

Number of files: 243 (reg: 176, dir: 67)
Number of created files: 0
Number of deleted files: 0
Number of regular files transferred: 0
Total file size: 3,420,222,991 bytes
Total transferred file size: 0 bytes
Literal data: 0 bytes
Matched data: 0 bytes
File list size: 0
File list generation time: 0.001 seconds
File list transfer time: 0.000 seconds
Total bytes sent: 7,639
Total bytes received: 78

sent 7,639 bytes  received 78 bytes  15,434.00 bytes/sec
total size is 3,420,222,991  speedup is 443,206.30
[19:31:36] OK cp_0005/session_20260826_112049/divide/good

[19:31:36] rsync cp_0005/session_20260826_120225/divide/good  (8 cuts) -> /mnt/nas/synnas/ego数据/baai_ego_task/cp_0005/session_20260826_120225/divide

Number of files: 177 (reg: 128, dir: 49)
Number of created files: 0
Number of deleted files: 0
Number of regular files transferred: 0
Total file size: 3,072,785,017 bytes
Total transferred file size: 0 bytes
Literal data: 0 bytes
Matched data: 0 bytes
File list size: 0
File list generation time: 0.001 seconds
File list transfer time: 0.000 seconds
Total bytes sent: 5,653
Total bytes received: 60

sent 5,653 bytes  received 60 bytes  11,426.00 bytes/sec
total size is 3,072,785,017  speedup is 537,858.40
[19:31:36] OK cp_0005/session_20260826_120225/divide/good

[19:31:36] rsync cp_0005/session_20260826_140904/divide/good  (15 cuts) -> /mnt/nas/synnas/ego数据/baai_ego_task/cp_0005/session_20260826_140904/divide

Number of files: 331 (reg: 240, dir: 91)
Number of created files: 0
Number of deleted files: 0
Number of regular files transferred: 0
Total file size: 7,102,154,731 bytes
Total transferred file size: 0 bytes
Literal data: 0 bytes
Matched data: 0 bytes
File list size: 0
File list generation time: 0.001 seconds
File list transfer time: 0.000 seconds
Total bytes sent: 10,271
Total bytes received: 102

sent 10,271 bytes  received 102 bytes  20,746.00 bytes/sec
total size is 7,102,154,731  speedup is 684,677.02
[19:31:36] OK cp_0005/session_20260826_140904/divide/good

[19:31:36] rsync cp_0006/session_20260826_110120/divide/good  (13 cuts) -> /mnt/nas/synnas/ego数据/baai_ego_task/cp_0006/session_20260826_110120/divide

Number of files: 287 (reg: 208, dir: 79)
Number of created files: 0
Number of deleted files: 0
Number of regular files transferred: 0
Total file size: 16,652,985,605 bytes
Total transferred file size: 0 bytes
Literal data: 0 bytes
Matched data: 0 bytes
File list size: 0
File list generation time: 0.001 seconds
File list transfer time: 0.000 seconds
Total bytes sent: 9,006
Total bytes received: 90

sent 9,006 bytes  received 90 bytes  18,192.00 bytes/sec
total size is 16,652,985,605  speedup is 1,830,803.17
[19:31:36] OK cp_0006/session_20260826_110120/divide/good

[19:31:36] rsync cp_0006/session_20260826_121434/divide/good  (10 cuts) -> /mnt/nas/synnas/ego数据/baai_ego_task/cp_0006/session_20260826_121434/divide

Number of files: 221 (reg: 160, dir: 61)
Number of created files: 0
Number of deleted files: 0
Number of regular files transferred: 0
Total file size: 14,377,895,977 bytes
Total transferred file size: 0 bytes
Literal data: 0 bytes
Matched data: 0 bytes
File list size: 0
File list generation time: 0.001 seconds
File list transfer time: 0.000 seconds
Total bytes sent: 6,960
Total bytes received: 72

sent 6,960 bytes  received 72 bytes  14,064.00 bytes/sec
total size is 14,377,895,977  speedup is 2,044,638.22
[19:31:36] OK cp_0006/session_20260826_121434/divide/good

=== catch-up finished 2026-08-31 19:31:36 ===
